Microchip MPLAB XC8 Compiler V2.31

Linker command line:

-W-3 --edf=C:\Program Files\Microchip\xc8\v2.31\pic\dat\en_msgs.txt -cn \
  -h+dist/default/production\SLAVE_SENCOL.X.production.sym \
  --cmf=dist/default/production\SLAVE_SENCOL.X.production.cmf -z -Q16F887 \
  -oC:\Users\DELL\AppData\Local\Temp\sbtc.2 --defsym=__MPLAB_BUILD=1 \
  -Mdist/default/production/SLAVE_SENCOL.X.production.map -E1 \
  -ver=XC8 Compiler --acfsm=1493 -ASTACK=0110h-016Fh -pstack=STACK \
  -ACODE=00h-07FFhx4 -ASTRCODE=00h-01FFFh -ASTRING=00h-0FFhx32 \
  -ACONST=00h-0FFhx32 -AENTRY=00h-0FFhx32 -ACOMMON=070h-07Fh \
  -ABANK0=020h-06Fh -ABANK1=0A0h-0EFh -ABANK2=0110h-016Fh \
  -ABANK3=0190h-01EFh -ARAM=020h-06Fh,0A0h-0EFh,0110h-016Fh,0190h-01EFh \
  -AABS1=020h-07Fh,0A0h-0EFh,0110h-016Fh,0190h-01EFh -ASFR0=00h-01Fh \
  -ASFR1=080h-09Fh -ASFR2=0100h-010Fh -ASFR3=0180h-018Fh \
  -ACONFIG=02007h-02008h -DCONFIG=2 -AIDLOC=02000h-02003h -DIDLOC=2 \
  -AEEDATA=00h-0FFh/02100h -peeprom_data=EEDATA -DEEDATA=2 -DCODE=2 \
  -DSTRCODE=2 -DSTRING=2 -DCONST=2 -DENTRY=2 \
  -preset_vec=00h,intentry=04h,init,end_init -ppowerup=CODE -pcinit=CODE \
  -pfunctab=ENTRY -k C:\Users\DELL\AppData\Local\Temp\sbtc.o \
  dist/default/production\SLAVE_SENCOL.X.production.o 

Object code version is 3.11

Machine type is 16F887



                Name                               Link     Load   Length Selector   Space Scale
C:\Users\DELL\AppData\Local\Temp\sbtc.o
                end_init                              C        C        3        8       0
                reset_vec                             0        0        3        0       0
                config                             2007     2007        2        0       4
dist/default/production\SLAVE_SENCOL.X.production.o
                cinit                                 F        F       18        8       0
                intentry                              4        4        8        8       0
                config                             2007     2007        2        0       4
                text11                              F90      F90       70     1F20       0
                text10                              EAE      EAE       22     1D5C       0
                text9                               E7A      E7A       1A     1CF4       0
                text8                               F2E      F2E       62     1E5C       0
                text7                               388      388      1DD        8       0
                text6                               74C      74C       A4        8       0
                text5                               ED0      ED0       29     1DA0       0
                text4                                27       27      361        8       0
                text3                               690      690       BC        8       0
                text2                               E94      E94       1A     1D28       0
                text1                               EF9      EF9       35     1DF2       0
                maintext                            565      565      12B        8       0
                cstackBANK0                          20       20       41       20       1
                cstackCOMMON                         70       70        7       70       1
                clrtext                             7F0      7F0        8        8       0
                bssBANK1                             A0       A0       14       A0       1
                bssBANK0                             61       61        D       20       1
                bssCOMMON                            77       77        3       70       1

TOTAL           Name                               Link     Load   Length     Space
        CLASS   STACK          

        CLASS   CODE           
                end_init                              C        C        3         0
                cinit                                 F        F       18         0
                intentry                              4        4        8         0
                reset_vec                             0        0        3         0
                text11                              F90      F90       70         0
                text10                              EAE      EAE       22         0
                text9                               E7A      E7A       1A         0
                text8                               F2E      F2E       62         0
                text7                               388      388      1DD         0
                text6                               74C      74C       A4         0
                text5                               ED0      ED0       29         0
                text4                                27       27      361         0
                text3                               690      690       BC         0
                text2                               E94      E94       1A         0
                text1                               EF9      EF9       35         0
                maintext                            565      565      12B         0
                clrtext                             7F0      7F0        8         0

        CLASS   STRCODE        

        CLASS   STRING         

        CLASS   CONST          

        CLASS   ENTRY          

        CLASS   COMMON         
                cstackCOMMON                         70       70        7         1
                bssCOMMON                            77       77        3         1

        CLASS   BANK0          
                cstackBANK0                          20       20       41         1
                bssBANK0                             61       61        D         1

        CLASS   BANK1          
                bssBANK1                             A0       A0       14         1

        CLASS   BANK2          

        CLASS   BANK3          

        CLASS   RAM            

        CLASS   ABS1           
                abs_s1                               7E       7E        2         1

        CLASS   SFR0           

        CLASS   SFR1           

        CLASS   SFR2           

        CLASS   SFR3           

        CLASS   CONFIG         
                config                             2007     2007        2         4

        CLASS   IDLOC          

        CLASS   EEDATA         



SEGMENTS        Name                           Load    Length   Top    Selector   Space  Class     Delta

                reset_vec                      000000  000003  000003         0       0  CODE        2
                intentry                       000004  0007F4  0007F8         8       0  CODE        2
                cstackBANK0                    000020  00004E  00006E        20       1  BANK0       1
                cstackCOMMON                   000070  00000A  00007A        70       1  COMMON      1
                bssBANK1                       0000A0  000014  0000B4        A0       1  BANK1       1
                text9                          000E7A  00001A  000E94      1CF4       0  CODE        2
                text2                          000E94  00001A  000EAE      1D28       0  CODE        2
                text10                         000EAE  000022  000ED0      1D5C       0  CODE        2
                text5                          000ED0  000029  000EF9      1DA0       0  CODE        2
                text1                          000EF9  000035  000F2E      1DF2       0  CODE        2
                text8                          000F2E  000062  000F90      1E5C       0  CODE        2
                text11                         000F90  000070  001000      1F20       0  CODE        2


UNUSED ADDRESS RANGES

        Name                Unused          Largest block    Delta
        BANK0            006E-006F              2           1
        BANK1            00B4-00EF             3C           1
        BANK2            0110-016F             60           1
        BANK3            0190-01EF             60           1
        CODE             0003-0003              1           2
                         07F8-0E79              8
                         1000-1FFF            800
        COMMON           007A-007D              4           1
        CONST            0003-0003              1           2
                         07F8-0E79            100
                         1000-1FFF            100
        EEDATA           2100-21FF            100           2
        ENTRY            0003-0003              1           2
                         07F8-0E79            100
                         1000-1FFF            100
        IDLOC            2000-2003              4           2
        RAM              006E-006F              2           1
                         00B4-00EF             3C
                         0110-016F             60
                         0190-01EF             60
        SFR0             0000-001F             20           1
        SFR1             0080-009F             20           1
        SFR2             0100-010F             10           1
        SFR3             0180-018F             10           1
        STACK            0110-016F             60           1
        STRCODE          0003-0003              1           2
                         07F8-0E79            682
                         1000-1FFF           1000
        STRING           0003-0003              1           2
                         07F8-0E79            100
                         1000-1FFF            100

                                  Symbol Table

?__Umul8_16              cstackCOMMON 0073
?___fldiv                cstackBANK0  0044
?___flmul                cstackBANK0  002A
?___xxtofl               cstackCOMMON 0073
I2C_Slave_Init@address   cstackCOMMON 0073
Lcd_Cmd@a                cstackCOMMON 0076
Lcd_Port@a               cstackCOMMON 0073
_ANSEL                   (abs)        0188
_ANSELH                  (abs)        0189
_BF                      (abs)        04A0
_CCP1CON                 (abs)        0017
_CCP2CON                 (abs)        001D
_CCPR1L                  (abs)        0015
_CCPR2H                  (abs)        001C
_CCPR2L                  (abs)        001B
_COLOR                   bssBANK0     0068
_GIE                     (abs)        005F
_I2C_Slave_Init          text2        0E94
_INTCONbits              (abs)        000B
_Lcd_Cmd                 text9        0E7A
_Lcd_Init                text8        0F2E
_Lcd_Port                text10       0EAE
_OSCCONbits              (abs)        008F
_PEIE                    (abs)        005E
_PIE2bits                (abs)        008D
_PIR1bits                (abs)        000C
_PIR2bits                (abs)        000D
_PORTA                   (abs)        0005
_PORTB                   (abs)        0006
_PORTBbits               (abs)        0006
_PORTC                   (abs)        0007
_PORTCbits               (abs)        0007
_PORTD                   (abs)        0008
_PORTE                   (abs)        0009
_PORTEbits               (abs)        0009
_POS1                    bssCOMMON    0079
_POS2                    bssCOMMON    0078
_POS3                    bssCOMMON    0077
_PR2                     (abs)        0092
_RB0                     (abs)        0030
_RB1                     (abs)        0031
_RB2                     (abs)        0032
_RB3                     (abs)        0033
_RB5                     (abs)        0035
_SSPADD                  (abs)        0093
_SSPBUF                  (abs)        0013
_SSPCON                  (abs)        0014
_SSPCON2                 (abs)        0091
_SSPCON2bits             (abs)        0091
_SSPCONbits              (abs)        0014
_SSPIE                   (abs)        0463
_SSPIF                   (abs)        0063
_SSPSTAT                 (abs)        0094
_SSPSTATbits             (abs)        0094
_T1CON                   (abs)        0010
_T2CON                   (abs)        0012
_TMR1H                   (abs)        000F
_TMR1L                   (abs)        000E
_TMR1ON                  (abs)        0080
_TRISA                   (abs)        0085
_TRISB                   (abs)        0086
_TRISC                   (abs)        0087
_TRISC3                  (abs)        043B
_TRISC4                  (abs)        043C
_TRISCbits               (abs)        0087
_TRISD                   (abs)        0088
_TRISE                   (abs)        0089
__Habs1                  abs1         0000
__Hbank0                 bank0        0000
__Hbank1                 bank1        0000
__Hbank2                 bank2        0000
__Hbank3                 bank3        0000
__HbssBANK0              bssBANK0     0000
__HbssBANK1              bssBANK1     0000
__HbssCOMMON             bssCOMMON    0000
__Hcinit                 cinit        0027
__Hclrtext               clrtext      0000
__Hcode                  code         0000
__Hcommon                common       0000
__Hconfig                config       2009
__HcstackBANK0           cstackBANK0  0000
__HcstackCOMMON          cstackCOMMON 0000
__Heeprom_data           eeprom_data  0000
__Hend_init              end_init     000F
__Hfunctab               functab      0000
__Hinit                  init         000C
__Hintentry              intentry     000C
__Hmaintext              maintext     0000
__Hpowerup               powerup      0000
__Hram                   ram          0000
__Hreset_vec             reset_vec    0003
__Hsfr0                  sfr0         0000
__Hsfr1                  sfr1         0000
__Hsfr2                  sfr2         0000
__Hsfr3                  sfr3         0000
__Hspace_0               (abs)        1000
__Hspace_1               (abs)        00B4
__Hspace_2               (abs)        0000
__Hspace_3               (abs)        0000
__Hspace_4               (abs)        4010
__Hstack                 stack        0000
__Hstrings               strings      0000
__Htext                  text         0000
__Labs1                  abs1         0000
__Lbank0                 bank0        0000
__Lbank1                 bank1        0000
__Lbank2                 bank2        0000
__Lbank3                 bank3        0000
__LbssBANK0              bssBANK0     0000
__LbssBANK1              bssBANK1     0000
__LbssCOMMON             bssCOMMON    0000
__Lcinit                 cinit        000F
__Lclrtext               clrtext      0000
__Lcode                  code         0000
__Lcommon                common       0000
__Lconfig                config       0000
__LcstackBANK0           cstackBANK0  0000
__LcstackCOMMON          cstackCOMMON 0000
__Leeprom_data           eeprom_data  0000
__Lend_init              end_init     000C
__Lfunctab               functab      0000
__Linit                  init         000C
__Lintentry              intentry     0004
__Lmaintext              maintext     0000
__Lpowerup               powerup      0000
__Lram                   ram          0000
__Lreset_vec             reset_vec    0000
__Lsfr0                  sfr0         0000
__Lsfr1                  sfr1         0000
__Lsfr2                  sfr2         0000
__Lsfr3                  sfr3         0000
__Lspace_0               (abs)        0000
__Lspace_1               (abs)        0000
__Lspace_2               (abs)        0000
__Lspace_3               (abs)        0000
__Lspace_4               (abs)        0000
__Lstack                 stack        0000
__Lstrings               strings      0000
__Ltext                  text         0000
__S0                     (abs)        1000
__S1                     (abs)        00B4
__S2                     (abs)        0000
__S3                     (abs)        0000
__Umul8_16               text5        0ED0
__Umul8_16@multiplicand  cstackCOMMON 0073
__Umul8_16@multiplier    cstackBANK0  0024
__Umul8_16@product       cstackBANK0  0020
__Umul8_16@word_mpld     cstackBANK0  0022
___fldiv                 text7        0388
___fldiv@a               cstackBANK0  0044
___fldiv@aexp            cstackBANK0  005D
___fldiv@b               cstackBANK0  0048
___fldiv@bexp            cstackBANK0  005C
___fldiv@grs             cstackBANK0  0058
___fldiv@new_exp         cstackBANK0  0056
___fldiv@rem             cstackBANK0  0051
___fldiv@sign            cstackBANK0  0055
___flge                  text6        074C
___flge@ff1              cstackBANK0  0020
___flge@ff2              cstackBANK0  0024
___flmul                 text4        0027
___flmul@a               cstackBANK0  002E
___flmul@aexp            cstackBANK0  003C
___flmul@b               cstackBANK0  002A
___flmul@bexp            cstackBANK0  003D
___flmul@grs             cstackBANK0  0038
___flmul@prod            cstackBANK0  003E
___flmul@sign            cstackBANK0  0037
___flmul@temp            cstackBANK0  0042
___int_sp                stack        0000
___latbits               (abs)        0002
___sp                    stack        0000
___stackhi               (abs)        0000
___stacklo               (abs)        0000
___xxtofl                text3        0690
___xxtofl@arg            cstackBANK0  0026
___xxtofl@exp            cstackBANK0  0025
___xxtofl@sign           cstackBANK0  0024
___xxtofl@val            cstackCOMMON 0073
__end_of_I2C_Slave_Init  text2        0EAE
__end_of_Lcd_Cmd         text9        0E94
__end_of_Lcd_Init        text8        0F90
__end_of_Lcd_Port        text10       0ED0
__end_of__Umul8_16       text5        0EF9
__end_of___fldiv         text7        0565
__end_of___flge          text6        07F0
__end_of___flmul         text4        0388
__end_of___xxtofl        text3        074C
__end_of__initialization cinit        0023
__end_of_isr             text11       1000
__end_of_main            maintext     0690
__end_of_setup           text1        0F2E
__initialization         cinit        000F
__pbssBANK0              bssBANK0     0061
__pbssBANK1              bssBANK1     00A0
__pbssCOMMON             bssCOMMON    0077
__pcstackBANK0           cstackBANK0  0020
__pcstackCOMMON          cstackCOMMON 0070
__pintentry              intentry     0004
__pmaintext              maintext     0565
__ptext1                 text1        0EF9
__ptext10                text10       0EAE
__ptext11                text11       0F90
__ptext2                 text2        0E94
__ptext3                 text3        0690
__ptext4                 text4        0027
__ptext5                 text5        0ED0
__ptext6                 text6        074C
__ptext7                 text7        0388
__ptext8                 text8        0F2E
__ptext9                 text9        0E7A
__size_of_I2C_Slave_Init (abs)        0000
__size_of_Lcd_Cmd        (abs)        0000
__size_of_Lcd_Init       (abs)        0000
__size_of_Lcd_Port       (abs)        0000
__size_of__Umul8_16      (abs)        0000
__size_of___fldiv        (abs)        0000
__size_of___flge         (abs)        0000
__size_of___flmul        (abs)        0000
__size_of___xxtofl       (abs)        0000
__size_of_isr            (abs)        0000
__size_of_main           (abs)        0000
__size_of_setup          (abs)        0000
_flag_frec               bssBANK0     0066
_frecu                   bssBANK0     006C
_frecuencia              bssBANK0     0061
_isr                     text11       0F90
_main                    maintext     0565
_setup                   text1        0EF9
_z                       bssBANK0     0065
btemp                    (abs)        007E
clear_ram0               clrtext      07F0
end_of_initialization    cinit        0023
interrupt_function       intentry     0004
intlevel0                functab      0000
intlevel1                functab      0000
intlevel2                functab      0000
intlevel3                functab      0000
intlevel4                functab      0000
intlevel5                functab      0000
reset_vec                reset_vec    0000
saved_w                  (abs)        007E
start                    init         000C
start_initialization     cinit        000F
wtemp0                   (abs)        007E


FUNCTION INFORMATION:

 *************** function _main *****************
 Defined at:
		line 111 in file "main.c"
 Parameters:    Size  Location     Type
		None
 Auto vars:     Size  Location     Type
		None
 Return value:  Size  Location     Type
                  1    wreg      void 
 Registers used:
		wreg, status,2, status,0, btemp+1, pclath, cstack
 Tracked objects:
		On entry : 
		On exit  : 
		Unchanged: 
 Data sizes:     COMMON   BANK0   BANK1   BANK3   BANK2
      Params:         0       0       0       0       0
      Locals:         0       0       0       0       0
      Temps:          0       3       0       0       0
      Totals:         0       3       0       0       0
Total ram usage:        3 bytes
 Hardware stack levels required when called:    4
 This function calls:
		_Lcd_Init
		___fldiv
		___flge
		___flmul
		___xxtofl
		_setup
 This function is called by:
		Startup code after reset
 This function uses a non-reentrant model


 *************** function _setup *****************
 Defined at:
		line 156 in file "main.c"
 Parameters:    Size  Location     Type
		None
 Auto vars:     Size  Location     Type
		None
 Return value:  Size  Location     Type
                  1    wreg      void 
 Registers used:
		wreg, status,2, status,0, pclath, cstack
 Tracked objects:
		On entry : 
		On exit  : 
		Unchanged: 
 Data sizes:     COMMON   BANK0   BANK1   BANK3   BANK2
      Params:         0       0       0       0       0
      Locals:         0       0       0       0       0
      Temps:          0       0       0       0       0
      Totals:         0       0       0       0       0
Total ram usage:        0 bytes
 Hardware stack levels used:    1
 Hardware stack levels required when called:    2
 This function calls:
		_I2C_Slave_Init
 This function is called by:
		_main
 This function uses a non-reentrant model


 *************** function _I2C_Slave_Init *****************
 Defined at:
		line 93 in file "I2C.c"
 Parameters:    Size  Location     Type
  address         1    wreg     unsigned char 
 Auto vars:     Size  Location     Type
  address         1    3[COMMON] unsigned char 
 Return value:  Size  Location     Type
                  1    wreg      void 
 Registers used:
		wreg
 Tracked objects:
		On entry : 
		On exit  : 
		Unchanged: 
 Data sizes:     COMMON   BANK0   BANK1   BANK3   BANK2
      Params:         0       0       0       0       0
      Locals:         1       0       0       0       0
      Temps:          0       0       0       0       0
      Totals:         1       0       0       0       0
Total ram usage:        1 bytes
 Hardware stack levels used:    1
 Hardware stack levels required when called:    1
 This function calls:
		Nothing
 This function is called by:
		_setup
 This function uses a non-reentrant model


 *************** function ___xxtofl *****************
 Defined at:
		line 10 in file "C:\Program Files\Microchip\xc8\v2.31\pic\sources\c90\common\xxtofl.c"
 Parameters:    Size  Location     Type
  sign            1    wreg     unsigned char 
  val             4    3[COMMON] long 
 Auto vars:     Size  Location     Type
  sign            1    4[BANK0 ] unsigned char 
  arg             4    6[BANK0 ] unsigned long 
  exp             1    5[BANK0 ] unsigned char 
 Return value:  Size  Location     Type
                  4    3[COMMON] unsigned char 
 Registers used:
		wreg, status,2, status,0
 Tracked objects:
		On entry : 
		On exit  : 
		Unchanged: 
 Data sizes:     COMMON   BANK0   BANK1   BANK3   BANK2
      Params:         4       0       0       0       0
      Locals:         0       6       0       0       0
      Temps:          0       4       0       0       0
      Totals:         4      10       0       0       0
Total ram usage:       14 bytes
 Hardware stack levels used:    1
 Hardware stack levels required when called:    1
 This function calls:
		Nothing
 This function is called by:
		_main
		_floattostr_
 This function uses a non-reentrant model


 *************** function ___flmul *****************
 Defined at:
		line 8 in file "C:\Program Files\Microchip\xc8\v2.31\pic\sources\c90\common\sprcmul.c"
 Parameters:    Size  Location     Type
  b               4   10[BANK0 ] unsigned char 
  a               4   14[BANK0 ] unsigned char 
 Auto vars:     Size  Location     Type
  prod            4   30[BANK0 ] struct .
  grs             4   24[BANK0 ] unsigned long 
  temp            2   34[BANK0 ] struct .
  bexp            1   29[BANK0 ] unsigned char 
  aexp            1   28[BANK0 ] unsigned char 
  sign            1   23[BANK0 ] unsigned char 
 Return value:  Size  Location     Type
                  4   10[BANK0 ] unsigned char 
 Registers used:
		wreg, status,2, status,0, btemp+1, pclath, cstack
 Tracked objects:
		On entry : 
		On exit  : 
		Unchanged: 
 Data sizes:     COMMON   BANK0   BANK1   BANK3   BANK2
      Params:         0       8       0       0       0
      Locals:         0      13       0       0       0
      Temps:          0       5       0       0       0
      Totals:         0      26       0       0       0
Total ram usage:       26 bytes
 Hardware stack levels used:    1
 Hardware stack levels required when called:    2
 This function calls:
		__Umul8_16
 This function is called by:
		_main
		_floattostr_
 This function uses a non-reentrant model


 *************** function __Umul8_16 *****************
 Defined at:
		line 4 in file "C:\Program Files\Microchip\xc8\v2.31\pic\sources\c90\common\Umul8_16.c"
 Parameters:    Size  Location     Type
  multiplier      1    wreg     unsigned char 
  multiplicand    1    3[COMMON] unsigned char 
 Auto vars:     Size  Location     Type
  multiplier      1    4[BANK0 ] unsigned char 
  word_mpld       2    2[BANK0 ] unsigned int 
  product         2    0[BANK0 ] unsigned int 
 Return value:  Size  Location     Type
                  2    3[COMMON] unsigned int 
 Registers used:
		wreg, status,2, status,0
 Tracked objects:
		On entry : 
		On exit  : 
		Unchanged: 
 Data sizes:     COMMON   BANK0   BANK1   BANK3   BANK2
      Params:         2       0       0       0       0
      Locals:         0       5       0       0       0
      Temps:          2       0       0       0       0
      Totals:         4       5       0       0       0
Total ram usage:        9 bytes
 Hardware stack levels used:    1
 Hardware stack levels required when called:    1
 This function calls:
		Nothing
 This function is called by:
		___flmul
 This function uses a non-reentrant model


 *************** function ___flge *****************
 Defined at:
		line 4 in file "C:\Program Files\Microchip\xc8\v2.31\pic\sources\c90\common\flge.c"
 Parameters:    Size  Location     Type
  ff1             4    0[BANK0 ] unsigned int 
  ff2             4    4[BANK0 ] unsigned int 
 Auto vars:     Size  Location     Type
		None
 Return value:  Size  Location     Type
		None               void
 Registers used:
		wreg, status,2, status,0
 Tracked objects:
		On entry : 
		On exit  : 
		Unchanged: 
 Data sizes:     COMMON   BANK0   BANK1   BANK3   BANK2
      Params:         0       8       0       0       0
      Locals:         0       0       0       0       0
      Temps:          4       0       0       0       0
      Totals:         4       8       0       0       0
Total ram usage:       12 bytes
 Hardware stack levels used:    1
 Hardware stack levels required when called:    1
 This function calls:
		Nothing
 This function is called by:
		_main
		_floattostr_
 This function uses a non-reentrant model


 *************** function ___fldiv *****************
 Defined at:
		line 8 in file "C:\Program Files\Microchip\xc8\v2.31\pic\sources\c90\common\sprcdiv.c"
 Parameters:    Size  Location     Type
  a               4   36[BANK0 ] unsigned int 
  b               4   40[BANK0 ] unsigned int 
 Auto vars:     Size  Location     Type
  grs             4   56[BANK0 ] unsigned long 
  rem             4   49[BANK0 ] unsigned long 
  new_exp         2   54[BANK0 ] int 
  aexp            1   61[BANK0 ] unsigned char 
  bexp            1   60[BANK0 ] unsigned char 
  sign            1   53[BANK0 ] unsigned char 
 Return value:  Size  Location     Type
                  4   36[BANK0 ] unsigned char 
 Registers used:
		wreg, status,2, status,0, btemp+1
 Tracked objects:
		On entry : 
		On exit  : 
		Unchanged: 
 Data sizes:     COMMON   BANK0   BANK1   BANK3   BANK2
      Params:         0       8       0       0       0
      Locals:         0      13       0       0       0
      Temps:          0       5       0       0       0
      Totals:         0      26       0       0       0
Total ram usage:       26 bytes
 Hardware stack levels used:    1
 Hardware stack levels required when called:    1
 This function calls:
		Nothing
 This function is called by:
		_main
		_floattostr_
 This function uses a non-reentrant model


 *************** function _Lcd_Init *****************
 Defined at:
		line 65 in file "LCD.c"
 Parameters:    Size  Location     Type
		None
 Auto vars:     Size  Location     Type
		None
 Return value:  Size  Location     Type
                  1    wreg      void 
 Registers used:
		wreg, status,2, status,0, pclath, cstack
 Tracked objects:
		On entry : 
		On exit  : 
		Unchanged: 
 Data sizes:     COMMON   BANK0   BANK1   BANK3   BANK2
      Params:         0       0       0       0       0
      Locals:         0       0       0       0       0
      Temps:          0       2       0       0       0
      Totals:         0       2       0       0       0
Total ram usage:        2 bytes
 Hardware stack levels used:    1
 Hardware stack levels required when called:    3
 This function calls:
		_Lcd_Cmd
		_Lcd_Port
 This function is called by:
		_main
 This function uses a non-reentrant model


 *************** function _Lcd_Cmd *****************
 Defined at:
		line 35 in file "LCD.c"
 Parameters:    Size  Location     Type
  a               1    wreg     unsigned char 
 Auto vars:     Size  Location     Type
  a               1    6[COMMON] unsigned char 
 Return value:  Size  Location     Type
                  1    wreg      void 
 Registers used:
		wreg, status,2, status,0, pclath, cstack
 Tracked objects:
		On entry : 
		On exit  : 
		Unchanged: 
 Data sizes:     COMMON   BANK0   BANK1   BANK3   BANK2
      Params:         0       0       0       0       0
      Locals:         1       0       0       0       0
      Temps:          2       0       0       0       0
      Totals:         3       0       0       0       0
Total ram usage:        3 bytes
 Hardware stack levels used:    1
 Hardware stack levels required when called:    2
 This function calls:
		_Lcd_Port
 This function is called by:
		_Lcd_Init
		_Lcd_Clear
		_Lcd_Set_Cursor
		_Lcd_Shift_Right
		_Lcd_Shift_Left
 This function uses a non-reentrant model


 *************** function _Lcd_Port *****************
 Defined at:
		line 13 in file "LCD.c"
 Parameters:    Size  Location     Type
  a               1    wreg     unsigned char 
 Auto vars:     Size  Location     Type
  a               1    3[COMMON] unsigned char 
 Return value:  Size  Location     Type
                  1    wreg      void 
 Registers used:
		wreg
 Tracked objects:
		On entry : 
		On exit  : 
		Unchanged: 
 Data sizes:     COMMON   BANK0   BANK1   BANK3   BANK2
      Params:         0       0       0       0       0
      Locals:         1       0       0       0       0
      Temps:          0       0       0       0       0
      Totals:         1       0       0       0       0
Total ram usage:        1 bytes
 Hardware stack levels used:    1
 Hardware stack levels required when called:    1
 This function calls:
		Nothing
 This function is called by:
		_Lcd_Cmd
		_Lcd_Init
		_Lcd_Write_Char
 This function uses a non-reentrant model


 *************** function _isr *****************
 Defined at:
		line 63 in file "main.c"
 Parameters:    Size  Location     Type
		None
 Auto vars:     Size  Location     Type
		None
 Return value:  Size  Location     Type
                  1    wreg      void 
 Registers used:
		wreg, status,2
 Tracked objects:
		On entry : 
		On exit  : 
		Unchanged: 
 Data sizes:     COMMON   BANK0   BANK1   BANK3   BANK2
      Params:         0       0       0       0       0
      Locals:         0       0       0       0       0
      Temps:          3       0       0       0       0
      Totals:         3       0       0       0       0
Total ram usage:        3 bytes
 Hardware stack levels used:    1
 This function calls:
		Nothing
 This function is called by:
		Interrupt level 1
 This function uses a non-reentrant model



MODULE INFORMATION

Module		Function		Class		Link	Load	Size
C:\Program Files\Microchip\xc8\v2.31\pic\sources\c90\common\flge.c
		___flge        		CODE           	074C	0000	164

C:\Program Files\Microchip\xc8\v2.31\pic\sources\c90\common\flge.c estimated size: 164

C:\Program Files\Microchip\xc8\v2.31\pic\sources\c90\common\sprcmul.c
		___flmul       		CODE           	0027	0000	865

C:\Program Files\Microchip\xc8\v2.31\pic\sources\c90\common\sprcmul.c estimated size: 865

C:\Program Files\Microchip\xc8\v2.31\pic\sources\c90\common\sprcdiv.c
		___fldiv       		CODE           	0388	0000	477

C:\Program Files\Microchip\xc8\v2.31\pic\sources\c90\common\sprcdiv.c estimated size: 477

C:\Program Files\Microchip\xc8\v2.31\pic\sources\c90\common\Umul8_16.c
		__Umul8_16     		CODE           	0ED0	0000	41

C:\Program Files\Microchip\xc8\v2.31\pic\sources\c90\common\Umul8_16.c estimated size: 41

I2C.c
		_I2C_Slave_Init		CODE           	0E94	0000	26

I2C.c estimated size: 26

shared
		__initialization		CODE           	000F	0000	20

shared estimated size: 20

C:\Program Files\Microchip\xc8\v2.31\pic\sources\c90\common\xxtofl.c
		___xxtofl      		CODE           	0690	0000	188

C:\Program Files\Microchip\xc8\v2.31\pic\sources\c90\common\xxtofl.c estimated size: 188

main.c
		_main          		CODE           	0565	0000	299
		_isr           		CODE           	0F90	0000	112
		_setup         		CODE           	0EF9	0000	53

main.c estimated size: 464

LCD.c
		_Lcd_Init      		CODE           	0F2E	0000	98
		_Lcd_Cmd       		CODE           	0E7A	0000	26
		_Lcd_Port      		CODE           	0EAE	0000	34

LCD.c estimated size: 158

