Microchip MPLAB XC8 Compiler V2.31

Linker command line:

-W-3 --edf=C:\Program Files\Microchip\xc8\v2.31\pic\dat\en_msgs.txt -cn \
  -h+dist/default/production\LAB2DIGITAL2.X.production.sym \
  --cmf=dist/default/production\LAB2DIGITAL2.X.production.cmf -z -Q16F887 \
  -oC:\Users\DELL\AppData\Local\Temp\spvc.2 --defsym=__MPLAB_BUILD=1 \
  -Mdist/default/production/LAB2DIGITAL2.X.production.map -E1 \
  -ver=XC8 Compiler --acfsm=1493 -ASTACK=0110h-016Fh -pstack=STACK \
  -ACODE=00h-07FFhx4 -ASTRCODE=00h-01FFFh -ASTRING=00h-0FFhx32 \
  -ACONST=00h-0FFhx32 -AENTRY=00h-0FFhx32 -ACOMMON=070h-07Fh \
  -ABANK0=020h-06Fh -ABANK1=0A0h-0EFh -ABANK2=0110h-016Fh \
  -ABANK3=0190h-01EFh -ARAM=020h-06Fh,0A0h-0EFh,0110h-016Fh,0190h-01EFh \
  -AABS1=020h-07Fh,0A0h-0EFh,0110h-016Fh,0190h-01EFh -ASFR0=00h-01Fh \
  -ASFR1=080h-09Fh -ASFR2=0100h-010Fh -ASFR3=0180h-018Fh \
  -ACONFIG=02007h-02008h -DCONFIG=2 -AIDLOC=02000h-02003h -DIDLOC=2 \
  -AEEDATA=00h-0FFh/02100h -peeprom_data=EEDATA -DEEDATA=2 -DCODE=2 \
  -DSTRCODE=2 -DSTRING=2 -DCONST=2 -DENTRY=2 \
  -preset_vec=00h,intentry=04h,init,end_init -ppowerup=CODE -pcinit=CODE \
  -pfunctab=ENTRY -k C:\Users\DELL\AppData\Local\Temp\spvc.o \
  dist/default/production\LAB2DIGITAL2.X.production.o 

Object code version is 3.11

Machine type is 16F887



                Name                               Link     Load   Length Selector   Space Scale
C:\Users\DELL\AppData\Local\Temp\spvc.o
                end_init                              C        C        3        8       0
                reset_vec                             0        0        3        0       0
                config                             2007     2007        2        0       4
dist/default/production\LAB2DIGITAL2.X.production.o
                cinit                                 F        F       2B        8       0
                intentry                              4        4        8        8       0
                config                             2007     2007        2        0       4
                text21                              DDA      DDA        E     1BB4       0
                text20                              EFA      EFA       36     1DF4       0
                text19                              799      799       4F        8       0
                text18                              7E8      7E8       14        8       0
                text17                              DB7      DB7        6     1B6E       0
                text16                              DFB      DFB       1C     1BF6       0
                text15                              DCD      DCD        D     1B9A       0
                text14                              FB2      FB2       4E     1F64       0
                text13                              741      741       58        8       0
                text12                              E17      E17       20     1C2E       0
                text11                              EA8      EA8       29     1D50       0
                text10                              F6C      F6C       46     1ED8       0
                text9                               E5A      E5A       27     1CB4       0
                text8                               6CD      6CD       74        8       0
                text7                               ED1      ED1       29     1DA2       0
                text6                                3A       3A      361        8       0
                text5                               651      651       7C        8       0
                text4                               595      595       BC        8       0
                text3                               E37      E37       23     1C6E       0
                text2                               E81      E81       27     1D02       0
                text1                               F30      F30       3C     1E60       0
                maintext                            39B      39B      1FA        8       0
                cstackBANK0                          20       20       35       20       1
                cstackCOMMON                         70       70        9       70       1
                inittext                            DE8      DE8       13     1BD0       0
                dataBANK1                            A0       A0        8       A0       1
                dataBANK0                            61       61        8       20       1
                bssBANK0                             55       55        C       20       1
                strings                             800      800       1F     1000       0
                idataBANK1                          DBD      DBD        8     1B7A       0
                idataBANK0                          DC5      DC5        8     1B8A       0

TOTAL           Name                               Link     Load   Length     Space
        CLASS   STACK          

        CLASS   CODE           
                end_init                              C        C        3         0
                cinit                                 F        F       2B         0
                intentry                              4        4        8         0
                reset_vec                             0        0        3         0
                text21                              DDA      DDA        E         0
                text20                              EFA      EFA       36         0
                text19                              799      799       4F         0
                text18                              7E8      7E8       14         0
                text17                              DB7      DB7        6         0
                text16                              DFB      DFB       1C         0
                text15                              DCD      DCD        D         0
                text14                              FB2      FB2       4E         0
                text13                              741      741       58         0
                text12                              E17      E17       20         0
                text11                              EA8      EA8       29         0
                text10                              F6C      F6C       46         0
                text9                               E5A      E5A       27         0
                text8                               6CD      6CD       74         0
                text7                               ED1      ED1       29         0
                text6                                3A       3A      361         0
                text5                               651      651       7C         0
                text4                               595      595       BC         0
                text3                               E37      E37       23         0
                text2                               E81      E81       27         0
                text1                               F30      F30       3C         0
                maintext                            39B      39B      1FA         0
                inittext                            DE8      DE8       13         0
                idataBANK1                          DBD      DBD        8         0
                idataBANK0                          DC5      DC5        8         0

        CLASS   STRCODE        

        CLASS   STRING         
                strings                             800      800       1F         0

        CLASS   CONST          

        CLASS   ENTRY          

        CLASS   COMMON         
                cstackCOMMON                         70       70        9         1

        CLASS   BANK0          
                cstackBANK0                          20       20       35         1
                dataBANK0                            61       61        8         1
                bssBANK0                             55       55        C         1

        CLASS   BANK1          
                dataBANK1                            A0       A0        8         1

        CLASS   BANK2          

        CLASS   BANK3          

        CLASS   RAM            

        CLASS   ABS1           
                abs_s1                               7E       7E        2         1

        CLASS   SFR0           

        CLASS   SFR1           

        CLASS   SFR2           

        CLASS   SFR3           

        CLASS   CONFIG         
                config                             2007     2007        2         4

        CLASS   IDLOC          

        CLASS   EEDATA         



SEGMENTS        Name                           Load    Length   Top    Selector   Space  Class     Delta

                reset_vec                      000000  000003  000003         0       0  CODE        2
                intentry                       000004  0007F8  0007FC         8       0  CODE        2
                cstackBANK0                    000020  000049  000069        20       1  BANK0       1
                cstackCOMMON                   000070  000009  000079        70       1  COMMON      1
                dataBANK1                      0000A0  000008  0000A8        A0       1  BANK1       1
                strings                        000800  00001F  00081F      1000       0  STRING      2
                text17                         000DB7  000006  000DBD      1B6E       0  CODE        2
                idataBANK1                     000DBD  000008  000DC5      1B7A       0  CODE        2
                idataBANK0                     000DC5  000008  000DCD      1B8A       0  CODE        2
                text15                         000DCD  00000D  000DDA      1B9A       0  CODE        2
                text21                         000DDA  00000E  000DE8      1BB4       0  CODE        2
                inittext                       000DE8  000013  000DFB      1BD0       0  CODE        2
                text16                         000DFB  00001C  000E17      1BF6       0  CODE        2
                text12                         000E17  000020  000E37      1C2E       0  CODE        2
                text3                          000E37  000023  000E5A      1C6E       0  CODE        2
                text9                          000E5A  000027  000E81      1CB4       0  CODE        2
                text2                          000E81  000027  000EA8      1D02       0  CODE        2
                text11                         000EA8  000029  000ED1      1D50       0  CODE        2
                text7                          000ED1  000029  000EFA      1DA2       0  CODE        2
                text20                         000EFA  000036  000F30      1DF4       0  CODE        2
                text1                          000F30  00003C  000F6C      1E60       0  CODE        2
                text10                         000F6C  000046  000FB2      1ED8       0  CODE        2
                text14                         000FB2  00004E  001000      1F64       0  CODE        2


UNUSED ADDRESS RANGES

        Name                Unused          Largest block    Delta
        BANK0            0069-006F              7           1
        BANK1            00A8-00EF             48           1
        BANK2            0110-016F             60           1
        BANK3            0190-01EF             60           1
        CODE             0003-0003              1           2
                         07FC-07FF              4
                         081F-0DB6            598
                         1000-1FFF            800
        COMMON           0079-007D              5           1
        CONST            0003-0003              1           2
                         07FC-07FF              4
                         081F-0DB6            100
                         1000-1FFF            100
        EEDATA           2100-21FF            100           2
        ENTRY            0003-0003              1           2
                         07FC-07FF              4
                         081F-0DB6            100
                         1000-1FFF            100
        IDLOC            2000-2003              4           2
        RAM              0069-006F              7           1
                         00A8-00EF             48
                         0110-016F             60
                         0190-01EF             60
        SFR0             0000-001F             20           1
        SFR1             0080-009F             20           1
        SFR2             0100-010F             10           1
        SFR3             0180-018F             10           1
        STACK            0110-016F             60           1
        STRCODE          0003-0003              1           2
                         07FC-07FF              4
                         081F-0DB6            598
                         1000-1FFF           1000
        STRING           0003-0003              1           2
                         07FC-07FF              4
                         081F-0DB6            100
                         1000-1FFF            100

                                  Symbol Table

?_ADC_READ                 cstackCOMMON 0070
?__Umul8_16                cstackBANK0  0020
?___flmul                  cstackBANK0  002E
?___fltol                  cstackBANK0  0048
?___lwdiv                  cstackBANK0  0020
?___wmul                   cstackBANK0  0020
?___xxtofl                 cstackBANK0  0020
ADC_CHANNELS@CANAL         cstackBANK0  0020
ADC_CHANNELS@VALORA        cstackBANK0  0024
ADC_CHANNELS@VALOR_ADC     cstackBANK0  0022
ADC_INIT@canal             cstackBANK0  0020
ADC_READ@LECT              cstackCOMMON 0074
EUSART_ENVIAR@dato         cstackBANK0  0022
EUSART_INIT@rx             cstackBANK0  0022
EUSART_INIT@tx             cstackBANK0  0020
Lcd_Cmd@a                  cstackBANK0  0023
Lcd_Port@a                 cstackBANK0  0020
Lcd_Set_Cursor@a           cstackBANK0  0027
Lcd_Set_Cursor@b           cstackBANK0  0024
Lcd_Set_Cursor@temp        cstackBANK0  002A
Lcd_Set_Cursor@y           cstackBANK0  0029
Lcd_Set_Cursor@z           cstackBANK0  0028
Lcd_Write_Char@a           cstackBANK0  0022
Lcd_Write_Char@temp        cstackBANK0  0023
Lcd_Write_Char@y           cstackBANK0  0024
Lcd_Write_String@a         cstackBANK0  0027
Lcd_Write_String@i         cstackBANK0  0025
VAL@valor                  cstackBANK0  002C
VAL@variable               cstackBANK0  0028
_ADCON0bits                (abs)        001F
_ADCON1bits                (abs)        009F
_ADC_CHANNELS              text19       0799
_ADC_INIT                  text3        0E37
_ADC_READ                  text21       0DDA
_ADIF                      (abs)        0066
_ADRESH                    (abs)        001E
_ANSEL                     (abs)        0188
_ANSELH                    (abs)        0189
_BAUDCTLbits               (abs)        0187
_CONTADOR                  bssBANK0     0058
_DATO                      bssBANK0     0059
_EUSART_ENVIAR             text18       07E8
_EUSART_INIT               text2        0E81
_INTCONbits                (abs)        000B
_Lcd_Clear                 text15       0DCD
_Lcd_Cmd                   text16       0DFB
_Lcd_Init                  text14       0FB2
_Lcd_Port                  text17       0DB7
_Lcd_Set_Cursor            text13       0741
_Lcd_Write_Char            text12       0E17
_Lcd_Write_String          text11       0EA8
_OPCION                    bssBANK0     0057
_OPTION_REG                (abs)        0081
_OSCCONbits                (abs)        008F
_PIE1bits                  (abs)        008C
_PIR1bits                  (abs)        000C
_PORTA                     (abs)        0005
_PORTB                     (abs)        0006
_PORTC                     (abs)        0007
_PORTD                     (abs)        0008
_PORTE                     (abs)        0009
_POS1                      bssBANK0     005C
_POS2                      bssBANK0     005B
_POS3                      bssBANK0     005A
_POT0                      bssBANK0     005F
_POT1                      bssBANK0     005D
_RCREG                     (abs)        001A
_RCSTAbits                 (abs)        0018
_RE0                       (abs)        0048
_RE1                       (abs)        0049
_S1                        dataBANK0    0061
_S2                        dataBANK1    00A0
_SPBRG                     (abs)        0099
_SPBRGH                    (abs)        009A
_T0IF                      (abs)        005A
_TMR0                      (abs)        0001
_TRISA                     (abs)        0085
_TRISB                     (abs)        0086
_TRISC                     (abs)        0087
_TRISD                     (abs)        0088
_TRISE                     (abs)        0089
_TXREG                     (abs)        0019
_TXSTAbits                 (abs)        0098
_VAL                       text8        06CD
_VALOR_ADC                 bssBANK0     0055
__Habs1                    abs1         0000
__Hbank0                   bank0        0000
__Hbank1                   bank1        0000
__Hbank2                   bank2        0000
__Hbank3                   bank3        0000
__HbssBANK0                bssBANK0     0000
__Hcinit                   cinit        003A
__Hclrtext                 clrtext      0000
__Hcode                    code         0000
__Hcommon                  common       0000
__Hconfig                  config       2009
__HcstackBANK0             cstackBANK0  0000
__HcstackCOMMON            cstackCOMMON 0000
__HdataBANK0               dataBANK0    0000
__HdataBANK1               dataBANK1    0000
__Heeprom_data             eeprom_data  0000
__Hend_init                end_init     000F
__Hfunctab                 functab      0000
__HidataBANK0              idataBANK0   0000
__HidataBANK1              idataBANK1   0000
__Hinit                    init         000C
__Hinittext                inittext     0000
__Hintentry                intentry     000C
__Hmaintext                maintext     0000
__Hpowerup                 powerup      0000
__Hram                     ram          0000
__Hreset_vec               reset_vec    0003
__Hsfr0                    sfr0         0000
__Hsfr1                    sfr1         0000
__Hsfr2                    sfr2         0000
__Hsfr3                    sfr3         0000
__Hspace_0                 (abs)        1000
__Hspace_1                 (abs)        00A8
__Hspace_2                 (abs)        0000
__Hspace_3                 (abs)        0000
__Hspace_4                 (abs)        4010
__Hstack                   stack        0000
__Hstrings                 strings      0000
__Htext                    text         0000
__Labs1                    abs1         0000
__Lbank0                   bank0        0000
__Lbank1                   bank1        0000
__Lbank2                   bank2        0000
__Lbank3                   bank3        0000
__LbssBANK0                bssBANK0     0000
__Lcinit                   cinit        000F
__Lclrtext                 clrtext      0000
__Lcode                    code         0000
__Lcommon                  common       0000
__Lconfig                  config       0000
__LcstackBANK0             cstackBANK0  0000
__LcstackCOMMON            cstackCOMMON 0000
__LdataBANK0               dataBANK0    0000
__LdataBANK1               dataBANK1    0000
__Leeprom_data             eeprom_data  0000
__Lend_init                end_init     000C
__Lfunctab                 functab      0000
__LidataBANK0              idataBANK0   0000
__LidataBANK1              idataBANK1   0000
__Linit                    init         000C
__Linittext                inittext     0000
__Lintentry                intentry     0004
__Lmaintext                maintext     0000
__Lpowerup                 powerup      0000
__Lram                     ram          0000
__Lreset_vec               reset_vec    0000
__Lsfr0                    sfr0         0000
__Lsfr1                    sfr1         0000
__Lsfr2                    sfr2         0000
__Lsfr3                    sfr3         0000
__Lspace_0                 (abs)        0000
__Lspace_1                 (abs)        0000
__Lspace_2                 (abs)        0000
__Lspace_3                 (abs)        0000
__Lspace_4                 (abs)        0000
__Lstack                   stack        0000
__Lstrings                 strings      0000
__Ltext                    text         0000
__S0                       (abs)        1000
__S1                       (abs)        00A8
__S2                       (abs)        0000
__S3                       (abs)        0000
__Umul8_16                 text7        0ED1
__Umul8_16@multiplicand    cstackBANK0  0020
__Umul8_16@multiplier      cstackBANK0  0028
__Umul8_16@product         cstackBANK0  0024
__Umul8_16@word_mpld       cstackBANK0  0026
___flmul                   text6        003A
___flmul@a                 cstackBANK0  0032
___flmul@aexp              cstackBANK0  0040
___flmul@b                 cstackBANK0  002E
___flmul@bexp              cstackBANK0  0041
___flmul@grs               cstackBANK0  003C
___flmul@prod              cstackBANK0  0042
___flmul@sign              cstackBANK0  003B
___flmul@temp              cstackBANK0  0046
___fltol                   text5        0651
___fltol@exp1              cstackBANK0  0052
___fltol@f1                cstackBANK0  0048
___fltol@sign1             cstackBANK0  0051
___int_sp                  stack        0000
___latbits                 (abs)        0002
___lwdiv                   text10       0F6C
___lwdiv@counter           cstackBANK0  0027
___lwdiv@dividend          cstackBANK0  0022
___lwdiv@divisor           cstackBANK0  0020
___lwdiv@quotient          cstackBANK0  0025
___sp                      stack        0000
___stackhi                 (abs)        0000
___stacklo                 (abs)        0000
___wmul                    text9        0E5A
___wmul@multiplicand       cstackBANK0  0022
___wmul@multiplier         cstackBANK0  0020
___wmul@product            cstackBANK0  0024
___xxtofl                  text4        0595
___xxtofl@arg              cstackBANK0  002A
___xxtofl@exp              cstackBANK0  0029
___xxtofl@sign             cstackBANK0  0028
___xxtofl@val              cstackBANK0  0020
__end_of_ADC_CHANNELS      text19       07E8
__end_of_ADC_INIT          text3        0E5A
__end_of_ADC_READ          text21       0DE8
__end_of_EUSART_ENVIAR     text18       07FC
__end_of_EUSART_INIT       text2        0EA8
__end_of_Lcd_Clear         text15       0DDA
__end_of_Lcd_Cmd           text16       0E17
__end_of_Lcd_Init          text14       1000
__end_of_Lcd_Port          text17       0DBD
__end_of_Lcd_Set_Cursor    text13       0799
__end_of_Lcd_Write_Char    text12       0E37
__end_of_Lcd_Write_String  text11       0ED1
__end_of_VAL               text8        0741
__end_of__Umul8_16         text7        0EFA
__end_of___flmul           text6        039B
__end_of___fltol           text5        06CD
__end_of___lwdiv           text10       0FB2
__end_of___wmul            text9        0E81
__end_of___xxtofl          text4        0651
__end_of__initialization   cinit        0036
__end_of__stringtab        strings      0806
__end_of_isr               text20       0F30
__end_of_main              maintext     0595
__end_of_setup             text1        0F6C
__initialization           cinit        000F
__pbssBANK0                bssBANK0     0055
__pcstackBANK0             cstackBANK0  0020
__pcstackCOMMON            cstackCOMMON 0070
__pdataBANK0               dataBANK0    0061
__pdataBANK1               dataBANK1    00A0
__pidataBANK0              idataBANK0   0DC5
__pidataBANK1              idataBANK1   0DBD
__pintentry                intentry     0004
__pmaintext                maintext     039B
__pstrings                 strings      0800
__ptext1                   text1        0F30
__ptext10                  text10       0F6C
__ptext11                  text11       0EA8
__ptext12                  text12       0E17
__ptext13                  text13       0741
__ptext14                  text14       0FB2
__ptext15                  text15       0DCD
__ptext16                  text16       0DFB
__ptext17                  text17       0DB7
__ptext18                  text18       07E8
__ptext19                  text19       0799
__ptext2                   text2        0E81
__ptext20                  text20       0EFA
__ptext21                  text21       0DDA
__ptext3                   text3        0E37
__ptext4                   text4        0595
__ptext5                   text5        0651
__ptext6                   text6        003A
__ptext7                   text7        0ED1
__ptext8                   text8        06CD
__ptext9                   text9        0E5A
__size_of_ADC_CHANNELS     (abs)        0000
__size_of_ADC_INIT         (abs)        0000
__size_of_ADC_READ         (abs)        0000
__size_of_EUSART_ENVIAR    (abs)        0000
__size_of_EUSART_INIT      (abs)        0000
__size_of_Lcd_Clear        (abs)        0000
__size_of_Lcd_Cmd          (abs)        0000
__size_of_Lcd_Init         (abs)        0000
__size_of_Lcd_Port         (abs)        0000
__size_of_Lcd_Set_Cursor   (abs)        0000
__size_of_Lcd_Write_Char   (abs)        0000
__size_of_Lcd_Write_String (abs)        0000
__size_of_VAL              (abs)        0000
__size_of__Umul8_16        (abs)        0000
__size_of___flmul          (abs)        0000
__size_of___fltol          (abs)        0000
__size_of___lwdiv          (abs)        0000
__size_of___wmul           (abs)        0000
__size_of___xxtofl         (abs)        0000
__size_of_isr              (abs)        0000
__size_of_main             (abs)        0000
__size_of_setup            (abs)        0000
__stringbase               strings      0805
__stringtab                strings      0800
_isr                       text20       0EFA
_main                      maintext     039B
_setup                     text1        0F30
btemp                      (abs)        007E
end_of_initialization      cinit        0036
init_fetch0                inittext     0DE8
init_ram0                  inittext     0DEC
interrupt_function         intentry     0004
intlevel0                  functab      0000
intlevel1                  functab      0000
intlevel2                  functab      0000
intlevel3                  functab      0000
intlevel4                  functab      0000
intlevel5                  functab      0000
reset_vec                  reset_vec    0000
saved_w                    (abs)        007E
start                      init         000C
start_initialization       cinit        000F
wtemp0                     (abs)        007E


FUNCTION INFORMATION:

 *************** function _main *****************
 Defined at:
		line 82 in file "main.c"
 Parameters:    Size  Location     Type
		None
 Auto vars:     Size  Location     Type
		None
 Return value:  Size  Location     Type
                  1    wreg      void 
 Registers used:
		wreg, fsr0l, fsr0h, status,2, status,0, btemp+1, pclath, cstack
 Tracked objects:
		On entry : 
		On exit  : 
		Unchanged: 
 Data sizes:     COMMON   BANK0   BANK1   BANK3   BANK2
      Params:         0       0       0       0       0
      Locals:         0       0       0       0       0
      Temps:          0       2       0       0       0
      Totals:         0       2       0       0       0
Total ram usage:        2 bytes
 Hardware stack levels required when called:    5
 This function calls:
		_ADC_CHANNELS
		_EUSART_ENVIAR
		_Lcd_Clear
		_Lcd_Init
		_Lcd_Set_Cursor
		_Lcd_Write_Char
		_Lcd_Write_String
		_VAL
		___flmul
		___fltol
		___xxtofl
		_setup
 This function is called by:
		Startup code after reset
 This function uses a non-reentrant model


 *************** function _setup *****************
 Defined at:
		line 157 in file "main.c"
 Parameters:    Size  Location     Type
		None
 Auto vars:     Size  Location     Type
		None
 Return value:  Size  Location     Type
                  1    wreg      void 
 Registers used:
		wreg, status,2, status,0, pclath, cstack
 Tracked objects:
		On entry : 
		On exit  : 
		Unchanged: 
 Data sizes:     COMMON   BANK0   BANK1   BANK3   BANK2
      Params:         0       0       0       0       0
      Locals:         0       0       0       0       0
      Temps:          0       0       0       0       0
      Totals:         0       0       0       0       0
Total ram usage:        0 bytes
 Hardware stack levels used:    1
 Hardware stack levels required when called:    3
 This function calls:
		_ADC_INIT
		_EUSART_INIT
 This function is called by:
		_main
 This function uses a non-reentrant model


 *************** function _EUSART_INIT *****************
 Defined at:
		line 13 in file "./EUSART_LIB.h"
 Parameters:    Size  Location     Type
  tx              2    0[BANK0 ] unsigned int 
  rx              2    2[BANK0 ] unsigned int 
 Auto vars:     Size  Location     Type
		None
 Return value:  Size  Location     Type
                  1    wreg      void 
 Registers used:
		wreg, status,0
 Tracked objects:
		On entry : 
		On exit  : 
		Unchanged: 
 Data sizes:     COMMON   BANK0   BANK1   BANK3   BANK2
      Params:         0       4       0       0       0
      Locals:         0       0       0       0       0
      Temps:          0       0       0       0       0
      Totals:         0       4       0       0       0
Total ram usage:        4 bytes
 Hardware stack levels used:    1
 Hardware stack levels required when called:    2
 This function calls:
		Nothing
 This function is called by:
		_setup
 This function uses a non-reentrant model


 *************** function _ADC_INIT *****************
 Defined at:
		line 12 in file "./ADC_LIB.h"
 Parameters:    Size  Location     Type
  canal           2    0[BANK0 ] unsigned int 
 Auto vars:     Size  Location     Type
		None
 Return value:  Size  Location     Type
                  1    wreg      void 
 Registers used:
		wreg, status,2, status,0
 Tracked objects:
		On entry : 
		On exit  : 
		Unchanged: 
 Data sizes:     COMMON   BANK0   BANK1   BANK3   BANK2
      Params:         0       2       0       0       0
      Locals:         0       0       0       0       0
      Temps:          0       1       0       0       0
      Totals:         0       3       0       0       0
Total ram usage:        3 bytes
 Hardware stack levels used:    1
 Hardware stack levels required when called:    2
 This function calls:
		Nothing
 This function is called by:
		_setup
 This function uses a non-reentrant model


 *************** function ___xxtofl *****************
 Defined at:
		line 10 in file "C:\Program Files\Microchip\xc8\v2.31\pic\sources\c90\common\xxtofl.c"
 Parameters:    Size  Location     Type
  sign            1    wreg     unsigned char 
  val             4    0[BANK0 ] long 
 Auto vars:     Size  Location     Type
  sign            1    8[BANK0 ] unsigned char 
  arg             4   10[BANK0 ] unsigned long 
  exp             1    9[BANK0 ] unsigned char 
 Return value:  Size  Location     Type
                  4    0[BANK0 ] unsigned char 
 Registers used:
		wreg, status,2, status,0
 Tracked objects:
		On entry : 
		On exit  : 
		Unchanged: 
 Data sizes:     COMMON   BANK0   BANK1   BANK3   BANK2
      Params:         0       4       0       0       0
      Locals:         0       6       0       0       0
      Temps:          0       4       0       0       0
      Totals:         0      14       0       0       0
Total ram usage:       14 bytes
 Hardware stack levels used:    1
 Hardware stack levels required when called:    2
 This function calls:
		Nothing
 This function is called by:
		_main
 This function uses a non-reentrant model


 *************** function ___fltol *****************
 Defined at:
		line 43 in file "C:\Program Files\Microchip\xc8\v2.31\pic\sources\c90\common\fltol.c"
 Parameters:    Size  Location     Type
  f1              4   40[BANK0 ] unsigned char 
 Auto vars:     Size  Location     Type
  exp1            1   50[BANK0 ] unsigned char 
  sign1           1   49[BANK0 ] unsigned char 
 Return value:  Size  Location     Type
                  4   40[BANK0 ] long 
 Registers used:
		wreg, status,2, status,0
 Tracked objects:
		On entry : 
		On exit  : 
		Unchanged: 
 Data sizes:     COMMON   BANK0   BANK1   BANK3   BANK2
      Params:         0       4       0       0       0
      Locals:         0       2       0       0       0
      Temps:          0       5       0       0       0
      Totals:         0      11       0       0       0
Total ram usage:       11 bytes
 Hardware stack levels used:    1
 Hardware stack levels required when called:    2
 This function calls:
		Nothing
 This function is called by:
		_main
 This function uses a non-reentrant model


 *************** function ___flmul *****************
 Defined at:
		line 8 in file "C:\Program Files\Microchip\xc8\v2.31\pic\sources\c90\common\sprcmul.c"
 Parameters:    Size  Location     Type
  b               4   14[BANK0 ] long 
  a               4   18[BANK0 ] long 
 Auto vars:     Size  Location     Type
  prod            4   34[BANK0 ] struct .
  grs             4   28[BANK0 ] unsigned long 
  temp            2   38[BANK0 ] struct .
  bexp            1   33[BANK0 ] unsigned char 
  aexp            1   32[BANK0 ] unsigned char 
  sign            1   27[BANK0 ] unsigned char 
 Return value:  Size  Location     Type
                  4   14[BANK0 ] unsigned char 
 Registers used:
		wreg, status,2, status,0, btemp+1, pclath, cstack
 Tracked objects:
		On entry : 
		On exit  : 
		Unchanged: 
 Data sizes:     COMMON   BANK0   BANK1   BANK3   BANK2
      Params:         0       8       0       0       0
      Locals:         0      13       0       0       0
      Temps:          0       5       0       0       0
      Totals:         0      26       0       0       0
Total ram usage:       26 bytes
 Hardware stack levels used:    1
 Hardware stack levels required when called:    3
 This function calls:
		__Umul8_16
 This function is called by:
		_main
 This function uses a non-reentrant model


 *************** function __Umul8_16 *****************
 Defined at:
		line 4 in file "C:\Program Files\Microchip\xc8\v2.31\pic\sources\c90\common\Umul8_16.c"
 Parameters:    Size  Location     Type
  multiplier      1    wreg     unsigned char 
  multiplicand    1    0[BANK0 ] unsigned char 
 Auto vars:     Size  Location     Type
  multiplier      1    8[BANK0 ] unsigned char 
  word_mpld       2    6[BANK0 ] unsigned int 
  product         2    4[BANK0 ] unsigned int 
 Return value:  Size  Location     Type
                  2    0[BANK0 ] unsigned int 
 Registers used:
		wreg, status,2, status,0
 Tracked objects:
		On entry : 
		On exit  : 
		Unchanged: 
 Data sizes:     COMMON   BANK0   BANK1   BANK3   BANK2
      Params:         0       2       0       0       0
      Locals:         0       5       0       0       0
      Temps:          0       2       0       0       0
      Totals:         0       9       0       0       0
Total ram usage:        9 bytes
 Hardware stack levels used:    1
 Hardware stack levels required when called:    2
 This function calls:
		Nothing
 This function is called by:
		___flmul
 This function uses a non-reentrant model


 *************** function _VAL *****************
 Defined at:
		line 193 in file "main.c"
 Parameters:    Size  Location     Type
  variable        2    8[BANK0 ] unsigned int 
 Auto vars:     Size  Location     Type
  valor           2   12[BANK0 ] unsigned int 
 Return value:  Size  Location     Type
                  1    wreg      void 
 Registers used:
		wreg, status,2, status,0, pclath, cstack
 Tracked objects:
		On entry : 
		On exit  : 
		Unchanged: 
 Data sizes:     COMMON   BANK0   BANK1   BANK3   BANK2
      Params:         0       2       0       0       0
      Locals:         0       2       0       0       0
      Temps:          0       2       0       0       0
      Totals:         0       6       0       0       0
Total ram usage:        6 bytes
 Hardware stack levels used:    1
 Hardware stack levels required when called:    3
 This function calls:
		___lwdiv
		___wmul
 This function is called by:
		_main
 This function uses a non-reentrant model


 *************** function ___wmul *****************
 Defined at:
		line 15 in file "C:\Program Files\Microchip\xc8\v2.31\pic\sources\c90\common\Umul16.c"
 Parameters:    Size  Location     Type
  multiplier      2    0[BANK0 ] unsigned int 
  multiplicand    2    2[BANK0 ] unsigned int 
 Auto vars:     Size  Location     Type
  product         2    4[BANK0 ] unsigned int 
 Return value:  Size  Location     Type
                  2    0[BANK0 ] unsigned int 
 Registers used:
		wreg, status,2, status,0
 Tracked objects:
		On entry : 
		On exit  : 
		Unchanged: 
 Data sizes:     COMMON   BANK0   BANK1   BANK3   BANK2
      Params:         0       4       0       0       0
      Locals:         0       2       0       0       0
      Temps:          0       0       0       0       0
      Totals:         0       6       0       0       0
Total ram usage:        6 bytes
 Hardware stack levels used:    1
 Hardware stack levels required when called:    2
 This function calls:
		Nothing
 This function is called by:
		_VAL
 This function uses a non-reentrant model


 *************** function ___lwdiv *****************
 Defined at:
		line 5 in file "C:\Program Files\Microchip\xc8\v2.31\pic\sources\c90\common\lwdiv.c"
 Parameters:    Size  Location     Type
  divisor         2    0[BANK0 ] unsigned int 
  dividend        2    2[BANK0 ] unsigned int 
 Auto vars:     Size  Location     Type
  quotient        2    5[BANK0 ] unsigned int 
  counter         1    7[BANK0 ] unsigned char 
 Return value:  Size  Location     Type
                  2    0[BANK0 ] unsigned int 
 Registers used:
		wreg, status,2, status,0
 Tracked objects:
		On entry : 
		On exit  : 
		Unchanged: 
 Data sizes:     COMMON   BANK0   BANK1   BANK3   BANK2
      Params:         0       4       0       0       0
      Locals:         0       3       0       0       0
      Temps:          0       1       0       0       0
      Totals:         0       8       0       0       0
Total ram usage:        8 bytes
 Hardware stack levels used:    1
 Hardware stack levels required when called:    2
 This function calls:
		Nothing
 This function is called by:
		_VAL
 This function uses a non-reentrant model


 *************** function _Lcd_Write_String *****************
 Defined at:
		line 77 in file "LCD.c"
 Parameters:    Size  Location     Type
  a               1    wreg     PTR unsigned char 
		 -> STR_3(5), STR_2(3), STR_1(17), 
 Auto vars:     Size  Location     Type
  a               1    7[BANK0 ] PTR unsigned char 
		 -> STR_3(5), STR_2(3), STR_1(17), 
  i               2    5[BANK0 ] int 
 Return value:  Size  Location     Type
                  1    wreg      void 
 Registers used:
		wreg, fsr0l, fsr0h, status,2, status,0, pclath, cstack
 Tracked objects:
		On entry : 
		On exit  : 
		Unchanged: 
 Data sizes:     COMMON   BANK0   BANK1   BANK3   BANK2
      Params:         0       0       0       0       0
      Locals:         0       3       0       0       0
      Temps:          0       0       0       0       0
      Totals:         0       3       0       0       0
Total ram usage:        3 bytes
 Hardware stack levels used:    1
 Hardware stack levels required when called:    4
 This function calls:
		_Lcd_Write_Char
 This function is called by:
		_main
 This function uses a non-reentrant model


 *************** function _Lcd_Write_Char *****************
 Defined at:
		line 65 in file "LCD.c"
 Parameters:    Size  Location     Type
  a               1    wreg     unsigned char 
 Auto vars:     Size  Location     Type
  a               1    2[BANK0 ] unsigned char 
  y               1    4[BANK0 ] unsigned char 
  temp            1    3[BANK0 ] unsigned char 
 Return value:  Size  Location     Type
                  1    wreg      void 
 Registers used:
		wreg, status,2, status,0, pclath, cstack
 Tracked objects:
		On entry : 
		On exit  : 
		Unchanged: 
 Data sizes:     COMMON   BANK0   BANK1   BANK3   BANK2
      Params:         0       0       0       0       0
      Locals:         0       3       0       0       0
      Temps:          0       1       0       0       0
      Totals:         0       4       0       0       0
Total ram usage:        4 bytes
 Hardware stack levels used:    1
 Hardware stack levels required when called:    3
 This function calls:
		_Lcd_Port
 This function is called by:
		_main
		_Lcd_Write_String
 This function uses a non-reentrant model


 *************** function _Lcd_Set_Cursor *****************
 Defined at:
		line 30 in file "LCD.c"
 Parameters:    Size  Location     Type
  a               1    wreg     unsigned char 
  b               1    4[BANK0 ] unsigned char 
 Auto vars:     Size  Location     Type
  a               1    7[BANK0 ] unsigned char 
  temp            1   10[BANK0 ] unsigned char 
  y               1    9[BANK0 ] unsigned char 
  z               1    8[BANK0 ] unsigned char 
 Return value:  Size  Location     Type
                  1    wreg      void 
 Registers used:
		wreg, status,2, status,0, pclath, cstack
 Tracked objects:
		On entry : 
		On exit  : 
		Unchanged: 
 Data sizes:     COMMON   BANK0   BANK1   BANK3   BANK2
      Params:         0       1       0       0       0
      Locals:         0       4       0       0       0
      Temps:          0       2       0       0       0
      Totals:         0       7       0       0       0
Total ram usage:        7 bytes
 Hardware stack levels used:    1
 Hardware stack levels required when called:    4
 This function calls:
		_Lcd_Cmd
 This function is called by:
		_main
 This function uses a non-reentrant model


 *************** function _Lcd_Init *****************
 Defined at:
		line 47 in file "LCD.c"
 Parameters:    Size  Location     Type
		None
 Auto vars:     Size  Location     Type
		None
 Return value:  Size  Location     Type
                  1    wreg      void 
 Registers used:
		wreg, status,2, status,0, pclath, cstack
 Tracked objects:
		On entry : 
		On exit  : 
		Unchanged: 
 Data sizes:     COMMON   BANK0   BANK1   BANK3   BANK2
      Params:         0       0       0       0       0
      Locals:         0       0       0       0       0
      Temps:          0       2       0       0       0
      Totals:         0       2       0       0       0
Total ram usage:        2 bytes
 Hardware stack levels used:    1
 Hardware stack levels required when called:    4
 This function calls:
		_Lcd_Cmd
		_Lcd_Port
 This function is called by:
		_main
 This function uses a non-reentrant model


 *************** function _Lcd_Clear *****************
 Defined at:
		line 25 in file "LCD.c"
 Parameters:    Size  Location     Type
		None
 Auto vars:     Size  Location     Type
		None
 Return value:  Size  Location     Type
                  1    wreg      void 
 Registers used:
		wreg, status,2, status,0, pclath, cstack
 Tracked objects:
		On entry : 
		On exit  : 
		Unchanged: 
 Data sizes:     COMMON   BANK0   BANK1   BANK3   BANK2
      Params:         0       0       0       0       0
      Locals:         0       0       0       0       0
      Temps:          0       0       0       0       0
      Totals:         0       0       0       0       0
Total ram usage:        0 bytes
 Hardware stack levels used:    1
 Hardware stack levels required when called:    4
 This function calls:
		_Lcd_Cmd
 This function is called by:
		_main
 This function uses a non-reentrant model


 *************** function _Lcd_Cmd *****************
 Defined at:
		line 17 in file "LCD.c"
 Parameters:    Size  Location     Type
  a               1    wreg     unsigned char 
 Auto vars:     Size  Location     Type
  a               1    3[BANK0 ] unsigned char 
 Return value:  Size  Location     Type
                  1    wreg      void 
 Registers used:
		wreg, status,2, status,0, pclath, cstack
 Tracked objects:
		On entry : 
		On exit  : 
		Unchanged: 
 Data sizes:     COMMON   BANK0   BANK1   BANK3   BANK2
      Params:         0       0       0       0       0
      Locals:         0       1       0       0       0
      Temps:          0       2       0       0       0
      Totals:         0       3       0       0       0
Total ram usage:        3 bytes
 Hardware stack levels used:    1
 Hardware stack levels required when called:    3
 This function calls:
		_Lcd_Port
 This function is called by:
		_Lcd_Clear
		_Lcd_Set_Cursor
		_Lcd_Init
		_Lcd_Shift_Right
		_Lcd_Shift_Left
 This function uses a non-reentrant model


 *************** function _Lcd_Port *****************
 Defined at:
		line 12 in file "LCD.c"
 Parameters:    Size  Location     Type
  a               1    wreg     unsigned char 
 Auto vars:     Size  Location     Type
  a               1    0[BANK0 ] unsigned char 
 Return value:  Size  Location     Type
                  1    wreg      void 
 Registers used:
		wreg
 Tracked objects:
		On entry : 
		On exit  : 
		Unchanged: 
 Data sizes:     COMMON   BANK0   BANK1   BANK3   BANK2
      Params:         0       0       0       0       0
      Locals:         0       1       0       0       0
      Temps:          0       0       0       0       0
      Totals:         0       1       0       0       0
Total ram usage:        1 bytes
 Hardware stack levels used:    1
 Hardware stack levels required when called:    2
 This function calls:
		Nothing
 This function is called by:
		_Lcd_Cmd
		_Lcd_Init
		_Lcd_Write_Char
 This function uses a non-reentrant model


 *************** function _EUSART_ENVIAR *****************
 Defined at:
		line 36 in file "./EUSART_LIB.h"
 Parameters:    Size  Location     Type
  dato            1    wreg     unsigned char 
 Auto vars:     Size  Location     Type
  dato            1    2[BANK0 ] unsigned char 
 Return value:  Size  Location     Type
                  1    wreg      void 
 Registers used:
		wreg
 Tracked objects:
		On entry : 
		On exit  : 
		Unchanged: 
 Data sizes:     COMMON   BANK0   BANK1   BANK3   BANK2
      Params:         0       0       0       0       0
      Locals:         0       1       0       0       0
      Temps:          0       2       0       0       0
      Totals:         0       3       0       0       0
Total ram usage:        3 bytes
 Hardware stack levels used:    1
 Hardware stack levels required when called:    2
 This function calls:
		Nothing
 This function is called by:
		_main
 This function uses a non-reentrant model


 *************** function _ADC_CHANNELS *****************
 Defined at:
		line 29 in file "./ADC_LIB.h"
 Parameters:    Size  Location     Type
  CANAL           2    0[BANK0 ] unsigned int 
  VALOR_ADC       2    2[BANK0 ] unsigned int 
  VALORA          1    4[BANK0 ] PTR unsigned int 
		 -> POT1(2), POT0(2), 
 Auto vars:     Size  Location     Type
		None
 Return value:  Size  Location     Type
                  1    wreg      void 
 Registers used:
		wreg, fsr0l, fsr0h, status,2, status,0
 Tracked objects:
		On entry : 
		On exit  : 
		Unchanged: 
 Data sizes:     COMMON   BANK0   BANK1   BANK3   BANK2
      Params:         0       5       0       0       0
      Locals:         0       0       0       0       0
      Temps:          0       3       0       0       0
      Totals:         0       8       0       0       0
Total ram usage:        8 bytes
 Hardware stack levels used:    1
 Hardware stack levels required when called:    2
 This function calls:
		Nothing
 This function is called by:
		_main
 This function uses a non-reentrant model


 *************** function _isr *****************
 Defined at:
		line 62 in file "main.c"
 Parameters:    Size  Location     Type
		None
 Auto vars:     Size  Location     Type
		None
 Return value:  Size  Location     Type
                  1    wreg      void 
 Registers used:
		wreg, status,2, status,0, pclath, cstack
 Tracked objects:
		On entry : 
		On exit  : 
		Unchanged: 
 Data sizes:     COMMON   BANK0   BANK1   BANK3   BANK2
      Params:         0       0       0       0       0
      Locals:         0       0       0       0       0
      Temps:          3       0       0       0       0
      Totals:         3       0       0       0       0
Total ram usage:        3 bytes
 Hardware stack levels used:    1
 Hardware stack levels required when called:    1
 This function calls:
		_ADC_READ
 This function is called by:
		Interrupt level 1
 This function uses a non-reentrant model


 *************** function _ADC_READ *****************
 Defined at:
		line 24 in file "./ADC_LIB.h"
 Parameters:    Size  Location     Type
		None
 Auto vars:     Size  Location     Type
  LECT            2    4[COMMON] unsigned int 
 Return value:  Size  Location     Type
                  2    0[COMMON] unsigned int 
 Registers used:
		wreg
 Tracked objects:
		On entry : 
		On exit  : 
		Unchanged: 
 Data sizes:     COMMON   BANK0   BANK1   BANK3   BANK2
      Params:         2       0       0       0       0
      Locals:         2       0       0       0       0
      Temps:          2       0       0       0       0
      Totals:         6       0       0       0       0
Total ram usage:        6 bytes
 Hardware stack levels used:    1
 This function calls:
		Nothing
 This function is called by:
		_isr
 This function uses a non-reentrant model



MODULE INFORMATION

Module		Function		Class		Link	Load	Size
C:\Program Files\Microchip\xc8\v2.31\pic\sources\c90\common\sprcmul.c
		___flmul       		CODE           	003A	0000	865

C:\Program Files\Microchip\xc8\v2.31\pic\sources\c90\common\sprcmul.c estimated size: 865

C:\Program Files\Microchip\xc8\v2.31\pic\sources\c90\common\Umul8_16.c
		__Umul8_16     		CODE           	0ED1	0000	41

C:\Program Files\Microchip\xc8\v2.31\pic\sources\c90\common\Umul8_16.c estimated size: 41

./ADC_LIB.h
		_ADC_CHANNELS  		CODE           	0799	0000	79
		_ADC_READ      		CODE           	0DDA	0000	14
		_ADC_INIT      		CODE           	0E37	0000	35

./ADC_LIB.h estimated size: 128

C:\Program Files\Microchip\xc8\v2.31\pic\sources\c90\common\Umul16.c
		___wmul        		CODE           	0E5A	0000	39

C:\Program Files\Microchip\xc8\v2.31\pic\sources\c90\common\Umul16.c estimated size: 39

./EUSART_LIB.h
		_EUSART_INIT   		CODE           	0E81	0000	39
		_EUSART_ENVIAR 		CODE           	07E8	0000	20

./EUSART_LIB.h estimated size: 59

C:\Program Files\Microchip\xc8\v2.31\pic\sources\c90\common\lwdiv.c
		___lwdiv       		CODE           	0F6C	0000	70

C:\Program Files\Microchip\xc8\v2.31\pic\sources\c90\common\lwdiv.c estimated size: 70

shared
		__stringtab    		STRING         	0800	0000	6
		__initialization		CODE           	000F	0000	39

shared estimated size: 45

C:\Program Files\Microchip\xc8\v2.31\pic\sources\c90\common\fltol.c
		___fltol       		CODE           	0651	0000	124

C:\Program Files\Microchip\xc8\v2.31\pic\sources\c90\common\fltol.c estimated size: 124

C:\Program Files\Microchip\xc8\v2.31\pic\sources\c90\common\xxtofl.c
		___xxtofl      		CODE           	0595	0000	188

C:\Program Files\Microchip\xc8\v2.31\pic\sources\c90\common\xxtofl.c estimated size: 188

main.c
		_main          		CODE           	039B	0000	506
		_isr           		CODE           	0EFA	0000	54
		_VAL           		CODE           	06CD	0000	116
		_setup         		CODE           	0F30	0000	60

main.c estimated size: 736

LCD.c
		_Lcd_Write_String		CODE           	0EA8	0000	41
		_Lcd_Init      		CODE           	0FB2	0000	78
		_Lcd_Write_Char		CODE           	0E17	0000	32
		_Lcd_Cmd       		CODE           	0DFB	0000	28
		_Lcd_Set_Cursor		CODE           	0741	0000	88
		_Lcd_Clear     		CODE           	0DCD	0000	13
		_Lcd_Port      		CODE           	0DB7	0000	6

LCD.c estimated size: 286

