Microchip MPLAB XC8 Compiler V2.31

Linker command line:

-W-3 --edf=C:\Program Files\Microchip\xc8\v2.31\pic\dat\en_msgs.txt -cn \
  -h+dist/default/production\MASTER_PROYECTO.X.production.sym \
  --cmf=dist/default/production\MASTER_PROYECTO.X.production.cmf -z \
  -Q16F887 -oC:\Users\DELL\AppData\Local\Temp\sgsk.2 \
  --defsym=__MPLAB_BUILD=1 \
  -Mdist/default/production/MASTER_PROYECTO.X.production.map -E1 \
  -ver=XC8 Compiler --acfsm=1493 -ASTACK=0110h-016Fh -pstack=STACK \
  -ACODE=00h-07FFhx4 -ASTRCODE=00h-01FFFh -ASTRING=00h-0FFhx32 \
  -ACONST=00h-0FFhx32 -AENTRY=00h-0FFhx32 -ACOMMON=070h-07Fh \
  -ABANK0=020h-06Fh -ABANK1=0A0h-0EFh -ABANK2=0110h-016Fh \
  -ABANK3=0190h-01EFh -ARAM=020h-06Fh,0A0h-0EFh,0110h-016Fh,0190h-01EFh \
  -AABS1=020h-07Fh,0A0h-0EFh,0110h-016Fh,0190h-01EFh -ASFR0=00h-01Fh \
  -ASFR1=080h-09Fh -ASFR2=0100h-010Fh -ASFR3=0180h-018Fh \
  -ACONFIG=02007h-02008h -DCONFIG=2 -AIDLOC=02000h-02003h -DIDLOC=2 \
  -AEEDATA=00h-0FFh/02100h -peeprom_data=EEDATA -DEEDATA=2 -DCODE=2 \
  -DSTRCODE=2 -DSTRING=2 -DCONST=2 -DENTRY=2 \
  -preset_vec=00h,intentry=04h,init,end_init -ppowerup=CODE -pcinit=CODE \
  -pfunctab=ENTRY -k C:\Users\DELL\AppData\Local\Temp\sgsk.o \
  dist/default/production\MASTER_PROYECTO.X.production.o 

Object code version is 3.11

Machine type is 16F887



                Name                               Link     Load   Length Selector   Space Scale
C:\Users\DELL\AppData\Local\Temp\sgsk.o
                end_init                             10       10        3        8       0
                reset_vec                             0        0        3        0       0
                config                             2007     2007        2        0       4
dist/default/production\MASTER_PROYECTO.X.production.o
                cinit                                13       13        C        8       0
                intentry                              4        4        C        8       0
                config                             2007     2007        2        0       4
                text24                              728      728       13      B5A       0
                text23                              4F1      4F1       44        8       0
                text22                              6C7      6C7       25      B5A       0
                text21                              319      319       70        8       0
                text20                              1EF      1EF       B6        8       0
                text19                              748      748        D      B5A       0
                text18                              61F      61F       32      B5A       0
                text17                              768      768        9      B5A       0
                text16                              75F      75F        9      B5A       0
                text15                              755      755        A      B5A       0
                text14                              6EC      6EC       20      B5A       0
                text13                              70C      70C       1C      B5A       0
                text12                              73B      73B        D      B5A       0
                text11                              3F1      3F1       62        8       0
                text10                              453      453       58        8       0
                text9                               535      535       3D        8       0
                text8                               651      651       29      B5A       0
                text7                               4AB      4AB       46        8       0
                text6                               67A      67A       27      B5A       0
                text5                               2A5      2A5       74        8       0
                text4                               6A1      6A1       26      B5A       0
                text3                               389      389       68        8       0
                text2                               5AD      5AD       3A      B5A       0
                text1                               5E7      5E7       38      B5A       0
                maintext                             1F       1F      1D0        8       0
                cstackBANK0                          20       20       1E       20       1
                cstackCOMMON                         70       70        E       70       1
                bssBANK0                             3E       3E        6       20       1
                strings                             572      572       3B      AE4       0

TOTAL           Name                               Link     Load   Length     Space
        CLASS   STACK          

        CLASS   CODE           
                end_init                             10       10        3         0
                cinit                                13       13        C         0
                intentry                              4        4        C         0
                reset_vec                             0        0        3         0
                text24                              728      728       13         0
                text23                              4F1      4F1       44         0
                text22                              6C7      6C7       25         0
                text21                              319      319       70         0
                text20                              1EF      1EF       B6         0
                text19                              748      748        D         0
                text18                              61F      61F       32         0
                text17                              768      768        9         0
                text16                              75F      75F        9         0
                text15                              755      755        A         0
                text14                              6EC      6EC       20         0
                text13                              70C      70C       1C         0
                text12                              73B      73B        D         0
                text11                              3F1      3F1       62         0
                text10                              453      453       58         0
                text9                               535      535       3D         0
                text8                               651      651       29         0
                text7                               4AB      4AB       46         0
                text6                               67A      67A       27         0
                text5                               2A5      2A5       74         0
                text4                               6A1      6A1       26         0
                text3                               389      389       68         0
                text2                               5AD      5AD       3A         0
                text1                               5E7      5E7       38         0
                maintext                             1F       1F      1D0         0

        CLASS   STRCODE        

        CLASS   STRING         
                strings                             572      572       3B         0

        CLASS   CONST          

        CLASS   ENTRY          

        CLASS   COMMON         
                cstackCOMMON                         70       70        E         1

        CLASS   BANK0          
                cstackBANK0                          20       20       1E         1
                bssBANK0                             3E       3E        6         1

        CLASS   BANK1          

        CLASS   BANK2          

        CLASS   BANK3          

        CLASS   RAM            

        CLASS   ABS1           
                abs_s1                               7E       7E        2         1

        CLASS   SFR0           

        CLASS   SFR1           

        CLASS   SFR2           

        CLASS   SFR3           

        CLASS   CONFIG         
                config                             2007     2007        2         4

        CLASS   IDLOC          

        CLASS   EEDATA         



SEGMENTS        Name                           Load    Length   Top    Selector   Space  Class     Delta

                reset_vec                      000000  000003  000003         0       0  CODE        2
                intentry                       000004  00056E  000572         8       0  CODE        2
                cstackBANK0                    000020  000024  000044        20       1  BANK0       1
                cstackCOMMON                   000070  00000E  00007E        70       1  COMMON      1
                strings                        000572  00003B  0005AD       AE4       0  STRING      2
                text2                          0005AD  0001C4  000771       B5A       0  CODE        2


UNUSED ADDRESS RANGES

        Name                Unused          Largest block    Delta
        BANK0            0044-006F             2C           1
        BANK1            00A0-00EF             50           1
        BANK2            0110-016F             60           1
        BANK3            0190-01EF             60           1
        CODE             0003-0003              1           2
                         0771-1FFF            800
        CONST            0003-0003              1           2
                         0771-1FFF            100
        EEDATA           2100-21FF            100           2
        ENTRY            0003-0003              1           2
                         0771-1FFF            100
        IDLOC            2000-2003              4           2
        RAM              0044-006F             2C           1
                         00A0-00EF             50
                         0110-016F             60
                         0190-01EF             60
        SFR0             0000-001F             20           1
        SFR1             0080-009F             20           1
        SFR2             0100-010F             10           1
        SFR3             0180-018F             10           1
        STACK            0110-016F             60           1
        STRCODE          0003-0003              1           2
                         0771-1FFF           188F
        STRING           0003-0003              1           2
                         0771-1FFF            100

                                  Symbol Table

?_I2C_Master_Read          cstackBANK0  0025
?___lldiv                  cstackBANK0  0025
?___lwdiv                  cstackBANK0  0025
?___wmul                   cstackBANK0  0025
?i1___lwdiv                cstackCOMMON 0070
?i1___wmul                 cstackCOMMON 0070
EUSART_ENVIAR@dato         cstackCOMMON 0072
EUSART_INIT@rx             cstackBANK0  0027
EUSART_INIT@tx             cstackBANK0  0025
I2C_Master_Init@c          cstackBANK0  0033
I2C_Master_Read@a          cstackBANK0  0025
I2C_Master_Read@temp       cstackBANK0  0029
I2C_Master_Write@d         cstackBANK0  0025
Lcd_Cmd@a                  cstackBANK0  0028
Lcd_Port@a                 cstackBANK0  0025
Lcd_Set_Cursor@a           cstackBANK0  002C
Lcd_Set_Cursor@b           cstackBANK0  0029
Lcd_Set_Cursor@temp        cstackBANK0  002F
Lcd_Set_Cursor@y           cstackBANK0  002E
Lcd_Set_Cursor@z           cstackBANK0  002D
Lcd_Write_Char@a           cstackBANK0  0029
Lcd_Write_Char@temp        cstackBANK0  0027
Lcd_Write_Char@y           cstackBANK0  0028
Lcd_Write_String@a         cstackBANK0  002C
Lcd_Write_String@i         cstackBANK0  002A
VAL@valor                  cstackBANK0  0031
VAL@variable               cstackBANK0  002D
_ANSEL                     (abs)        0188
_ANSELH                    (abs)        0189
_BAUDCTLbits               (abs)        0187
_COLOR                     bssBANK0     003E
_EUSART_ENVIAR             text24       0728
_EUSART_INIT               text4        06A1
_GIE                       (abs)        005F
_I2C_Master_Init           text2        05AD
_I2C_Master_Read           text18       061F
_I2C_Master_Start          text17       0768
_I2C_Master_Stop           text16       075F
_I2C_Master_Wait           text19       0748
_I2C_Master_Write          text15       0755
_INTCONbits                (abs)        000B
_Lcd_Clear                 text12       073B
_Lcd_Cmd                   text13       070C
_Lcd_Init                  text11       03F1
_Lcd_Port                  text14       06EC
_Lcd_Set_Cursor            text10       0453
_Lcd_Write_Char            text9        0535
_Lcd_Write_String          text8        0651
_OSCCONbits                (abs)        008F
_PEIE                      (abs)        005E
_PIE1bits                  (abs)        008C
_PIR1bits                  (abs)        000C
_PORTA                     (abs)        0005
_PORTB                     (abs)        0006
_PORTBbits                 (abs)        0006
_PORTC                     (abs)        0007
_PORTD                     (abs)        0008
_PORTE                     (abs)        0009
_POS1                      bssBANK0     0043
_POS2                      bssBANK0     0042
_POS3                      bssBANK0     0041
_RB0                       (abs)        0030
_RB1                       (abs)        0031
_RB2                       (abs)        0032
_RB3                       (abs)        0033
_RB5                       (abs)        0035
_RCREG                     (abs)        001A
_RCSTAbits                 (abs)        0018
_SENSOR_MOV                bssBANK0     003F
_SPBRG                     (abs)        0099
_SPBRGH                    (abs)        009A
_SSPADD                    (abs)        0093
_SSPBUF                    (abs)        0013
_SSPCON                    (abs)        0014
_SSPCON2                   (abs)        0091
_SSPCON2bits               (abs)        0091
_SSPIE                     (abs)        0463
_SSPIF                     (abs)        0063
_SSPSTAT                   (abs)        0094
_TRISA                     (abs)        0085
_TRISB                     (abs)        0086
_TRISC3                    (abs)        043B
_TRISC4                    (abs)        043C
_TRISC7                    (abs)        043F
_TRISCbits                 (abs)        0087
_TRISD                     (abs)        0088
_TRISE                     (abs)        0089
_TXREG                     (abs)        0019
_TXSTAbits                 (abs)        0098
_VAL                       text5        02A5
_VALOR_PESO                bssBANK0     0040
__Habs1                    abs1         0000
__Hbank0                   bank0        0000
__Hbank1                   bank1        0000
__Hbank2                   bank2        0000
__Hbank3                   bank3        0000
__HbssBANK0                bssBANK0     0000
__Hcinit                   cinit        001F
__Hclrtext                 clrtext      0000
__Hcode                    code         0000
__Hcommon                  common       0000
__Hconfig                  config       2009
__HcstackBANK0             cstackBANK0  0000
__HcstackCOMMON            cstackCOMMON 0000
__Heeprom_data             eeprom_data  0000
__Hend_init                end_init     0013
__Hfunctab                 functab      0000
__Hinit                    init         0010
__Hintentry                intentry     0010
__Hmaintext                maintext     0000
__Hpowerup                 powerup      0000
__Hram                     ram          0000
__Hreset_vec               reset_vec    0003
__Hsfr0                    sfr0         0000
__Hsfr1                    sfr1         0000
__Hsfr2                    sfr2         0000
__Hsfr3                    sfr3         0000
__Hspace_0                 (abs)        0771
__Hspace_1                 (abs)        007E
__Hspace_2                 (abs)        0000
__Hspace_3                 (abs)        0000
__Hspace_4                 (abs)        4010
__Hstack                   stack        0000
__Hstrings                 strings      0000
__Htext                    text         0000
__Labs1                    abs1         0000
__Lbank0                   bank0        0000
__Lbank1                   bank1        0000
__Lbank2                   bank2        0000
__Lbank3                   bank3        0000
__LbssBANK0                bssBANK0     0000
__Lcinit                   cinit        0013
__Lclrtext                 clrtext      0000
__Lcode                    code         0000
__Lcommon                  common       0000
__Lconfig                  config       0000
__LcstackBANK0             cstackBANK0  0000
__LcstackCOMMON            cstackCOMMON 0000
__Leeprom_data             eeprom_data  0000
__Lend_init                end_init     0010
__Lfunctab                 functab      0000
__Linit                    init         0010
__Lintentry                intentry     0004
__Lmaintext                maintext     0000
__Lpowerup                 powerup      0000
__Lram                     ram          0000
__Lreset_vec               reset_vec    0000
__Lsfr0                    sfr0         0000
__Lsfr1                    sfr1         0000
__Lsfr2                    sfr2         0000
__Lsfr3                    sfr3         0000
__Lspace_0                 (abs)        0000
__Lspace_1                 (abs)        0000
__Lspace_2                 (abs)        0000
__Lspace_3                 (abs)        0000
__Lspace_4                 (abs)        0000
__Lstack                   stack        0000
__Lstrings                 strings      0000
__Ltext                    text         0000
__S0                       (abs)        0771
__S1                       (abs)        007E
__S2                       (abs)        0000
__S3                       (abs)        0000
___int_sp                  stack        0000
___latbits                 (abs)        0002
___lldiv                   text3        0389
___lldiv@counter           cstackBANK0  0032
___lldiv@dividend          cstackBANK0  0029
___lldiv@divisor           cstackBANK0  0025
___lldiv@quotient          cstackBANK0  002E
___lwdiv                   text7        04AB
___lwdiv@counter           cstackBANK0  002C
___lwdiv@dividend          cstackBANK0  0027
___lwdiv@divisor           cstackBANK0  0025
___lwdiv@quotient          cstackBANK0  002A
___sp                      stack        0000
___stackhi                 (abs)        0000
___stacklo                 (abs)        0000
___wmul                    text6        067A
___wmul@multiplicand       cstackBANK0  0027
___wmul@multiplier         cstackBANK0  0025
___wmul@product            cstackBANK0  0029
__end_of_EUSART_ENVIAR     text24       073B
__end_of_EUSART_INIT       text4        06C7
__end_of_I2C_Master_Init   text2        05E7
__end_of_I2C_Master_Read   text18       0651
__end_of_I2C_Master_Start  text17       0771
__end_of_I2C_Master_Stop   text16       0768
__end_of_I2C_Master_Wait   text19       0755
__end_of_I2C_Master_Write  text15       075F
__end_of_Lcd_Clear         text12       0748
__end_of_Lcd_Cmd           text13       0728
__end_of_Lcd_Init          text11       0453
__end_of_Lcd_Port          text14       070C
__end_of_Lcd_Set_Cursor    text10       04AB
__end_of_Lcd_Write_Char    text9        0572
__end_of_Lcd_Write_String  text8        067A
__end_of_VAL               text5        0319
__end_of___lldiv           text3        03F1
__end_of___lwdiv           text7        04F1
__end_of___wmul            text6        06A1
__end_of__initialization   cinit        001B
__end_of__stringtab        strings      0578
__end_of_isr               text20       02A5
__end_of_main              maintext     01EF
__end_of_setup             text1        061F
__end_ofi1_VAL             text21       0389
__end_ofi1___lwdiv         text23       0535
__end_ofi1___wmul          text22       06EC
__initialization           cinit        0013
__pbssBANK0                bssBANK0     003E
__pcstackBANK0             cstackBANK0  0020
__pcstackCOMMON            cstackCOMMON 0070
__pintentry                intentry     0004
__pmaintext                maintext     001F
__pstrings                 strings      0572
__ptext1                   text1        05E7
__ptext10                  text10       0453
__ptext11                  text11       03F1
__ptext12                  text12       073B
__ptext13                  text13       070C
__ptext14                  text14       06EC
__ptext15                  text15       0755
__ptext16                  text16       075F
__ptext17                  text17       0768
__ptext18                  text18       061F
__ptext19                  text19       0748
__ptext2                   text2        05AD
__ptext20                  text20       01EF
__ptext21                  text21       0319
__ptext22                  text22       06C7
__ptext23                  text23       04F1
__ptext24                  text24       0728
__ptext3                   text3        0389
__ptext4                   text4        06A1
__ptext5                   text5        02A5
__ptext6                   text6        067A
__ptext7                   text7        04AB
__ptext8                   text8        0651
__ptext9                   text9        0535
__size_of_EUSART_ENVIAR    (abs)        0000
__size_of_EUSART_INIT      (abs)        0000
__size_of_I2C_Master_Init  (abs)        0000
__size_of_I2C_Master_Read  (abs)        0000
__size_of_I2C_Master_Start (abs)        0000
__size_of_I2C_Master_Stop  (abs)        0000
__size_of_I2C_Master_Wait  (abs)        0000
__size_of_I2C_Master_Write (abs)        0000
__size_of_Lcd_Clear        (abs)        0000
__size_of_Lcd_Cmd          (abs)        0000
__size_of_Lcd_Init         (abs)        0000
__size_of_Lcd_Port         (abs)        0000
__size_of_Lcd_Set_Cursor   (abs)        0000
__size_of_Lcd_Write_Char   (abs)        0000
__size_of_Lcd_Write_String (abs)        0000
__size_of_VAL              (abs)        0000
__size_of___lldiv          (abs)        0000
__size_of___lwdiv          (abs)        0000
__size_of___wmul           (abs)        0000
__size_of_isr              (abs)        0000
__size_of_main             (abs)        0000
__size_of_setup            (abs)        0000
__size_ofi1_VAL            (abs)        0000
__size_ofi1___lwdiv        (abs)        0000
__size_ofi1___wmul         (abs)        0000
__stringbase               strings      0577
__stringtab                strings      0572
_isr                       text20       01EF
_main                      maintext     001F
_setup                     text1        05E7
btemp                      (abs)        007E
end_of_initialization      cinit        001B
i1VAL@valor                cstackCOMMON 007C
i1VAL@variable             cstackCOMMON 0078
i1_VAL                     text21       0319
i1___lwdiv                 text23       04F1
i1___lwdiv@counter         cstackCOMMON 0077
i1___lwdiv@dividend        cstackCOMMON 0072
i1___lwdiv@divisor         cstackCOMMON 0070
i1___lwdiv@quotient        cstackCOMMON 0075
i1___wmul                  text22       06C7
i1___wmul@multiplicand     cstackCOMMON 0072
i1___wmul@multiplier       cstackCOMMON 0070
i1___wmul@product          cstackCOMMON 0074
interrupt_function         intentry     0004
intlevel0                  functab      0000
intlevel1                  functab      0000
intlevel2                  functab      0000
intlevel3                  functab      0000
intlevel4                  functab      0000
intlevel5                  functab      0000
reset_vec                  reset_vec    0000
saved_w                    (abs)        007E
start                      init         0010
start_initialization       cinit        0013
wtemp0                     (abs)        007E


FUNCTION INFORMATION:

 *************** function _main *****************
 Defined at:
		line 91 in file "main.c"
 Parameters:    Size  Location     Type
		None
 Auto vars:     Size  Location     Type
		None
 Return value:  Size  Location     Type
                  1    wreg      void 
 Registers used:
		wreg, fsr0l, fsr0h, status,2, status,0, pclath, cstack
 Tracked objects:
		On entry : 
		On exit  : 
		Unchanged: 
 Data sizes:     COMMON   BANK0   BANK1   BANK3   BANK2
      Params:         0       0       0       0       0
      Locals:         0       0       0       0       0
      Temps:          0       3       0       0       0
      Totals:         0       3       0       0       0
Total ram usage:        3 bytes
 Hardware stack levels required when called:    6
 This function calls:
		_I2C_Master_Read
		_I2C_Master_Start
		_I2C_Master_Stop
		_I2C_Master_Write
		_Lcd_Clear
		_Lcd_Init
		_Lcd_Set_Cursor
		_Lcd_Write_Char
		_Lcd_Write_String
		_VAL
		_setup
 This function is called by:
		Startup code after reset
 This function uses a non-reentrant model


 *************** function _setup *****************
 Defined at:
		line 171 in file "main.c"
 Parameters:    Size  Location     Type
		None
 Auto vars:     Size  Location     Type
		None
 Return value:  Size  Location     Type
                  1    wreg      void 
 Registers used:
		wreg, status,2, status,0, pclath, cstack
 Tracked objects:
		On entry : 
		On exit  : 
		Unchanged: 
 Data sizes:     COMMON   BANK0   BANK1   BANK3   BANK2
      Params:         0       0       0       0       0
      Locals:         0       0       0       0       0
      Temps:          0       0       0       0       0
      Totals:         0       0       0       0       0
Total ram usage:        0 bytes
 Hardware stack levels used:    1
 Hardware stack levels required when called:    5
 This function calls:
		_EUSART_INIT
		_I2C_Master_Init
 This function is called by:
		_main
 This function uses a non-reentrant model


 *************** function _I2C_Master_Init *****************
 Defined at:
		line 16 in file "I2C.c"
 Parameters:    Size  Location     Type
  c               4   19[BANK0 ] const unsigned long 
 Auto vars:     Size  Location     Type
		None
 Return value:  Size  Location     Type
                  1    wreg      void 
 Registers used:
		wreg, status,2, status,0, pclath, cstack
 Tracked objects:
		On entry : 
		On exit  : 
		Unchanged: 
 Data sizes:     COMMON   BANK0   BANK1   BANK3   BANK2
      Params:         0       4       0       0       0
      Locals:         0       0       0       0       0
      Temps:          0       4       0       0       0
      Totals:         0       8       0       0       0
Total ram usage:        8 bytes
 Hardware stack levels used:    1
 Hardware stack levels required when called:    4
 This function calls:
		___lldiv
 This function is called by:
		_setup
 This function uses a non-reentrant model


 *************** function ___lldiv *****************
 Defined at:
		line 5 in file "C:\Program Files\Microchip\xc8\v2.31\pic\sources\c90\common\__lldiv.c"
 Parameters:    Size  Location     Type
  divisor         4    5[BANK0 ] unsigned long 
  dividend        4    9[BANK0 ] unsigned long 
 Auto vars:     Size  Location     Type
  quotient        4   14[BANK0 ] unsigned long 
  counter         1   18[BANK0 ] unsigned char 
 Return value:  Size  Location     Type
                  4    5[BANK0 ] unsigned long 
 Registers used:
		wreg, status,2, status,0
 Tracked objects:
		On entry : 
		On exit  : 
		Unchanged: 
 Data sizes:     COMMON   BANK0   BANK1   BANK3   BANK2
      Params:         0       8       0       0       0
      Locals:         0       5       0       0       0
      Temps:          0       1       0       0       0
      Totals:         0      14       0       0       0
Total ram usage:       14 bytes
 Hardware stack levels used:    1
 Hardware stack levels required when called:    3
 This function calls:
		Nothing
 This function is called by:
		_I2C_Master_Init
 This function uses a non-reentrant model


 *************** function _EUSART_INIT *****************
 Defined at:
		line 13 in file "./EUSART_LIB.h"
 Parameters:    Size  Location     Type
  tx              2    5[BANK0 ] unsigned int 
  rx              2    7[BANK0 ] unsigned int 
 Auto vars:     Size  Location     Type
		None
 Return value:  Size  Location     Type
                  1    wreg      void 
 Registers used:
		wreg, status,2, status,0
 Tracked objects:
		On entry : 
		On exit  : 
		Unchanged: 
 Data sizes:     COMMON   BANK0   BANK1   BANK3   BANK2
      Params:         0       4       0       0       0
      Locals:         0       0       0       0       0
      Temps:          0       0       0       0       0
      Totals:         0       4       0       0       0
Total ram usage:        4 bytes
 Hardware stack levels used:    1
 Hardware stack levels required when called:    3
 This function calls:
		Nothing
 This function is called by:
		_setup
 This function uses a non-reentrant model


 *************** function _VAL *****************
 Defined at:
		line 207 in file "main.c"
 Parameters:    Size  Location     Type
  variable        2   13[BANK0 ] unsigned int 
 Auto vars:     Size  Location     Type
  valor           2   17[BANK0 ] unsigned int 
 Return value:  Size  Location     Type
                  1    wreg      void 
 Registers used:
		wreg, status,2, status,0, pclath, cstack
 Tracked objects:
		On entry : 
		On exit  : 
		Unchanged: 
 Data sizes:     COMMON   BANK0   BANK1   BANK3   BANK2
      Params:         0       2       0       0       0
      Locals:         0       2       0       0       0
      Temps:          0       2       0       0       0
      Totals:         0       6       0       0       0
Total ram usage:        6 bytes
 Hardware stack levels used:    1
 Hardware stack levels required when called:    4
 This function calls:
		___lwdiv
		___wmul
 This function is called by:
		_main
 This function uses a non-reentrant model


 *************** function ___wmul *****************
 Defined at:
		line 15 in file "C:\Program Files\Microchip\xc8\v2.31\pic\sources\c90\common\Umul16.c"
 Parameters:    Size  Location     Type
  multiplier      2    5[BANK0 ] unsigned int 
  multiplicand    2    7[BANK0 ] unsigned int 
 Auto vars:     Size  Location     Type
  product         2    9[BANK0 ] unsigned int 
 Return value:  Size  Location     Type
                  2    5[BANK0 ] unsigned int 
 Registers used:
		wreg, status,2, status,0
 Tracked objects:
		On entry : 
		On exit  : 
		Unchanged: 
 Data sizes:     COMMON   BANK0   BANK1   BANK3   BANK2
      Params:         0       4       0       0       0
      Locals:         0       2       0       0       0
      Temps:          0       0       0       0       0
      Totals:         0       6       0       0       0
Total ram usage:        6 bytes
 Hardware stack levels used:    1
 Hardware stack levels required when called:    3
 This function calls:
		Nothing
 This function is called by:
		_VAL
 This function uses a non-reentrant model


 *************** function ___lwdiv *****************
 Defined at:
		line 5 in file "C:\Program Files\Microchip\xc8\v2.31\pic\sources\c90\common\lwdiv.c"
 Parameters:    Size  Location     Type
  divisor         2    5[BANK0 ] unsigned int 
  dividend        2    7[BANK0 ] unsigned int 
 Auto vars:     Size  Location     Type
  quotient        2   10[BANK0 ] unsigned int 
  counter         1   12[BANK0 ] unsigned char 
 Return value:  Size  Location     Type
                  2    5[BANK0 ] unsigned int 
 Registers used:
		wreg, status,2, status,0
 Tracked objects:
		On entry : 
		On exit  : 
		Unchanged: 
 Data sizes:     COMMON   BANK0   BANK1   BANK3   BANK2
      Params:         0       4       0       0       0
      Locals:         0       3       0       0       0
      Temps:          0       1       0       0       0
      Totals:         0       8       0       0       0
Total ram usage:        8 bytes
 Hardware stack levels used:    1
 Hardware stack levels required when called:    3
 This function calls:
		Nothing
 This function is called by:
		_VAL
 This function uses a non-reentrant model


 *************** function _Lcd_Write_String *****************
 Defined at:
		line 98 in file "LCD.c"
 Parameters:    Size  Location     Type
  a               1    wreg     PTR unsigned char 
		 -> STR_7(4), STR_6(4), STR_5(4), STR_4(7), 
		 -> STR_3(7), STR_2(7), STR_1(20), 
 Auto vars:     Size  Location     Type
  a               1   12[BANK0 ] PTR unsigned char 
		 -> STR_7(4), STR_6(4), STR_5(4), STR_4(7), 
		 -> STR_3(7), STR_2(7), STR_1(20), 
  i               2   10[BANK0 ] int 
 Return value:  Size  Location     Type
                  1    wreg      void 
 Registers used:
		wreg, fsr0l, fsr0h, status,2, status,0, pclath, cstack
 Tracked objects:
		On entry : 
		On exit  : 
		Unchanged: 
 Data sizes:     COMMON   BANK0   BANK1   BANK3   BANK2
      Params:         0       0       0       0       0
      Locals:         0       3       0       0       0
      Temps:          0       0       0       0       0
      Totals:         0       3       0       0       0
Total ram usage:        3 bytes
 Hardware stack levels used:    1
 Hardware stack levels required when called:    5
 This function calls:
		_Lcd_Write_Char
 This function is called by:
		_main
 This function uses a non-reentrant model


 *************** function _Lcd_Write_Char *****************
 Defined at:
		line 83 in file "LCD.c"
 Parameters:    Size  Location     Type
  a               1    wreg     unsigned char 
 Auto vars:     Size  Location     Type
  a               1    9[BANK0 ] unsigned char 
  y               1    8[BANK0 ] unsigned char 
  temp            1    7[BANK0 ] unsigned char 
 Return value:  Size  Location     Type
                  1    wreg      void 
 Registers used:
		wreg, status,2, status,0, pclath, cstack
 Tracked objects:
		On entry : 
		On exit  : 
		Unchanged: 
 Data sizes:     COMMON   BANK0   BANK1   BANK3   BANK2
      Params:         0       0       0       0       0
      Locals:         0       3       0       0       0
      Temps:          0       1       0       0       0
      Totals:         0       4       0       0       0
Total ram usage:        4 bytes
 Hardware stack levels used:    1
 Hardware stack levels required when called:    4
 This function calls:
		_Lcd_Port
 This function is called by:
		_main
		_Lcd_Write_String
 This function uses a non-reentrant model


 *************** function _Lcd_Set_Cursor *****************
 Defined at:
		line 48 in file "LCD.c"
 Parameters:    Size  Location     Type
  a               1    wreg     unsigned char 
  b               1    9[BANK0 ] unsigned char 
 Auto vars:     Size  Location     Type
  a               1   12[BANK0 ] unsigned char 
  temp            1   15[BANK0 ] unsigned char 
  y               1   14[BANK0 ] unsigned char 
  z               1   13[BANK0 ] unsigned char 
 Return value:  Size  Location     Type
                  1    wreg      void 
 Registers used:
		wreg, status,2, status,0, pclath, cstack
 Tracked objects:
		On entry : 
		On exit  : 
		Unchanged: 
 Data sizes:     COMMON   BANK0   BANK1   BANK3   BANK2
      Params:         0       1       0       0       0
      Locals:         0       4       0       0       0
      Temps:          0       2       0       0       0
      Totals:         0       7       0       0       0
Total ram usage:        7 bytes
 Hardware stack levels used:    1
 Hardware stack levels required when called:    5
 This function calls:
		_Lcd_Cmd
 This function is called by:
		_main
 This function uses a non-reentrant model


 *************** function _Lcd_Init *****************
 Defined at:
		line 65 in file "LCD.c"
 Parameters:    Size  Location     Type
		None
 Auto vars:     Size  Location     Type
		None
 Return value:  Size  Location     Type
                  1    wreg      void 
 Registers used:
		wreg, status,2, status,0, pclath, cstack
 Tracked objects:
		On entry : 
		On exit  : 
		Unchanged: 
 Data sizes:     COMMON   BANK0   BANK1   BANK3   BANK2
      Params:         0       0       0       0       0
      Locals:         0       0       0       0       0
      Temps:          0       2       0       0       0
      Totals:         0       2       0       0       0
Total ram usage:        2 bytes
 Hardware stack levels used:    1
 Hardware stack levels required when called:    5
 This function calls:
		_Lcd_Cmd
		_Lcd_Port
 This function is called by:
		_main
 This function uses a non-reentrant model


 *************** function _Lcd_Clear *****************
 Defined at:
		line 43 in file "LCD.c"
 Parameters:    Size  Location     Type
		None
 Auto vars:     Size  Location     Type
		None
 Return value:  Size  Location     Type
                  1    wreg      void 
 Registers used:
		wreg, status,2, status,0, pclath, cstack
 Tracked objects:
		On entry : 
		On exit  : 
		Unchanged: 
 Data sizes:     COMMON   BANK0   BANK1   BANK3   BANK2
      Params:         0       0       0       0       0
      Locals:         0       0       0       0       0
      Temps:          0       0       0       0       0
      Totals:         0       0       0       0       0
Total ram usage:        0 bytes
 Hardware stack levels used:    1
 Hardware stack levels required when called:    5
 This function calls:
		_Lcd_Cmd
 This function is called by:
		_main
 This function uses a non-reentrant model


 *************** function _Lcd_Cmd *****************
 Defined at:
		line 35 in file "LCD.c"
 Parameters:    Size  Location     Type
  a               1    wreg     unsigned char 
 Auto vars:     Size  Location     Type
  a               1    8[BANK0 ] unsigned char 
 Return value:  Size  Location     Type
                  1    wreg      void 
 Registers used:
		wreg, status,2, status,0, pclath, cstack
 Tracked objects:
		On entry : 
		On exit  : 
		Unchanged: 
 Data sizes:     COMMON   BANK0   BANK1   BANK3   BANK2
      Params:         0       0       0       0       0
      Locals:         0       1       0       0       0
      Temps:          0       2       0       0       0
      Totals:         0       3       0       0       0
Total ram usage:        3 bytes
 Hardware stack levels used:    1
 Hardware stack levels required when called:    4
 This function calls:
		_Lcd_Port
 This function is called by:
		_Lcd_Clear
		_Lcd_Set_Cursor
		_Lcd_Init
		_Lcd_Shift_Right
		_Lcd_Shift_Left
 This function uses a non-reentrant model


 *************** function _Lcd_Port *****************
 Defined at:
		line 13 in file "LCD.c"
 Parameters:    Size  Location     Type
  a               1    wreg     unsigned char 
 Auto vars:     Size  Location     Type
  a               1    5[BANK0 ] unsigned char 
 Return value:  Size  Location     Type
                  1    wreg      void 
 Registers used:
		wreg
 Tracked objects:
		On entry : 
		On exit  : 
		Unchanged: 
 Data sizes:     COMMON   BANK0   BANK1   BANK3   BANK2
      Params:         0       0       0       0       0
      Locals:         0       1       0       0       0
      Temps:          0       0       0       0       0
      Totals:         0       1       0       0       0
Total ram usage:        1 bytes
 Hardware stack levels used:    1
 Hardware stack levels required when called:    3
 This function calls:
		Nothing
 This function is called by:
		_Lcd_Cmd
		_Lcd_Init
		_Lcd_Write_Char
 This function uses a non-reentrant model


 *************** function _I2C_Master_Write *****************
 Defined at:
		line 65 in file "I2C.c"
 Parameters:    Size  Location     Type
  d               2    5[BANK0 ] unsigned int 
 Auto vars:     Size  Location     Type
		None
 Return value:  Size  Location     Type
                  1    wreg      void 
 Registers used:
		wreg, status,2, status,0, pclath, cstack
 Tracked objects:
		On entry : 
		On exit  : 
		Unchanged: 
 Data sizes:     COMMON   BANK0   BANK1   BANK3   BANK2
      Params:         0       2       0       0       0
      Locals:         0       0       0       0       0
      Temps:          0       0       0       0       0
      Totals:         0       2       0       0       0
Total ram usage:        2 bytes
 Hardware stack levels used:    1
 Hardware stack levels required when called:    4
 This function calls:
		_I2C_Master_Wait
 This function is called by:
		_main
 This function uses a non-reentrant model


 *************** function _I2C_Master_Stop *****************
 Defined at:
		line 55 in file "I2C.c"
 Parameters:    Size  Location     Type
		None
 Auto vars:     Size  Location     Type
		None
 Return value:  Size  Location     Type
                  1    wreg      void 
 Registers used:
		wreg, status,2, status,0, pclath, cstack
 Tracked objects:
		On entry : 
		On exit  : 
		Unchanged: 
 Data sizes:     COMMON   BANK0   BANK1   BANK3   BANK2
      Params:         0       0       0       0       0
      Locals:         0       0       0       0       0
      Temps:          0       0       0       0       0
      Totals:         0       0       0       0       0
Total ram usage:        0 bytes
 Hardware stack levels used:    1
 Hardware stack levels required when called:    4
 This function calls:
		_I2C_Master_Wait
 This function is called by:
		_main
 This function uses a non-reentrant model


 *************** function _I2C_Master_Start *****************
 Defined at:
		line 39 in file "I2C.c"
 Parameters:    Size  Location     Type
		None
 Auto vars:     Size  Location     Type
		None
 Return value:  Size  Location     Type
                  1    wreg      void 
 Registers used:
		wreg, status,2, status,0, pclath, cstack
 Tracked objects:
		On entry : 
		On exit  : 
		Unchanged: 
 Data sizes:     COMMON   BANK0   BANK1   BANK3   BANK2
      Params:         0       0       0       0       0
      Locals:         0       0       0       0       0
      Temps:          0       0       0       0       0
      Totals:         0       0       0       0       0
Total ram usage:        0 bytes
 Hardware stack levels used:    1
 Hardware stack levels required when called:    4
 This function calls:
		_I2C_Master_Wait
 This function is called by:
		_main
 This function uses a non-reentrant model


 *************** function _I2C_Master_Read *****************
 Defined at:
		line 74 in file "I2C.c"
 Parameters:    Size  Location     Type
  a               2    5[BANK0 ] unsigned short 
 Auto vars:     Size  Location     Type
  temp            2    9[BANK0 ] unsigned short 
 Return value:  Size  Location     Type
                  2    5[BANK0 ] unsigned short 
 Registers used:
		wreg, status,2, status,0, pclath, cstack
 Tracked objects:
		On entry : 
		On exit  : 
		Unchanged: 
 Data sizes:     COMMON   BANK0   BANK1   BANK3   BANK2
      Params:         0       2       0       0       0
      Locals:         0       2       0       0       0
      Temps:          0       2       0       0       0
      Totals:         0       6       0       0       0
Total ram usage:        6 bytes
 Hardware stack levels used:    1
 Hardware stack levels required when called:    4
 This function calls:
		_I2C_Master_Wait
 This function is called by:
		_main
 This function uses a non-reentrant model


 *************** function _I2C_Master_Wait *****************
 Defined at:
		line 32 in file "I2C.c"
 Parameters:    Size  Location     Type
		None
 Auto vars:     Size  Location     Type
		None
 Return value:  Size  Location     Type
                  1    wreg      void 
 Registers used:
		wreg, status,2
 Tracked objects:
		On entry : 
		On exit  : 
		Unchanged: 
 Data sizes:     COMMON   BANK0   BANK1   BANK3   BANK2
      Params:         0       0       0       0       0
      Locals:         0       0       0       0       0
      Temps:          0       0       0       0       0
      Totals:         0       0       0       0       0
Total ram usage:        0 bytes
 Hardware stack levels used:    1
 Hardware stack levels required when called:    3
 This function calls:
		Nothing
 This function is called by:
		_I2C_Master_Start
		_I2C_Master_Stop
		_I2C_Master_Write
		_I2C_Master_Read
		_I2C_Master_RepeatedStart
 This function uses a non-reentrant model


 *************** function _isr *****************
 Defined at:
		line 55 in file "main.c"
 Parameters:    Size  Location     Type
		None
 Auto vars:     Size  Location     Type
		None
 Return value:  Size  Location     Type
                  1    wreg      void 
 Registers used:
		wreg, fsr0l, fsr0h, status,2, status,0, pclath, cstack
 Tracked objects:
		On entry : 
		On exit  : 
		Unchanged: 
 Data sizes:     COMMON   BANK0   BANK1   BANK3   BANK2
      Params:         0       0       0       0       0
      Locals:         0       0       0       0       0
      Temps:          0       5       0       0       0
      Totals:         0       5       0       0       0
Total ram usage:        5 bytes
 Hardware stack levels used:    1
 Hardware stack levels required when called:    2
 This function calls:
		_EUSART_ENVIAR
		i1_VAL
 This function is called by:
		Interrupt level 1
 This function uses a non-reentrant model


 *************** function i1_VAL *****************
 Defined at:
		line 207 in file "main.c"
 Parameters:    Size  Location     Type
  variable        2    8[COMMON] unsigned int 
 Auto vars:     Size  Location     Type
  valor           2   12[COMMON] unsigned int 
 Return value:  Size  Location     Type
                  1    wreg      void 
 Registers used:
		wreg, status,2, status,0, pclath, cstack
 Tracked objects:
		On entry : 
		On exit  : 
		Unchanged: 
 Data sizes:     COMMON   BANK0   BANK1   BANK3   BANK2
      Params:         2       0       0       0       0
      Locals:         2       0       0       0       0
      Temps:          2       0       0       0       0
      Totals:         6       0       0       0       0
Total ram usage:        6 bytes
 Hardware stack levels used:    1
 Hardware stack levels required when called:    1
 This function calls:
		i1___lwdiv
		i1___wmul
 This function is called by:
		_isr
 This function uses a non-reentrant model


 *************** function i1___wmul *****************
 Defined at:
		line 15 in file "C:\Program Files\Microchip\xc8\v2.31\pic\sources\c90\common\Umul16.c"
 Parameters:    Size  Location     Type
  multiplier      2    0[COMMON] unsigned int 
  multiplicand    2    2[COMMON] unsigned int 
 Auto vars:     Size  Location     Type
  product         2    4[COMMON] unsigned int 
 Return value:  Size  Location     Type
                  2    0[COMMON] unsigned int 
 Registers used:
		wreg, status,2, status,0
 Tracked objects:
		On entry : 
		On exit  : 
		Unchanged: 
 Data sizes:     COMMON   BANK0   BANK1   BANK3   BANK2
      Params:         4       0       0       0       0
      Locals:         2       0       0       0       0
      Temps:          0       0       0       0       0
      Totals:         6       0       0       0       0
Total ram usage:        6 bytes
 Hardware stack levels used:    1
 This function calls:
		Nothing
 This function is called by:
		i1_VAL
 This function uses a non-reentrant model


 *************** function i1___lwdiv *****************
 Defined at:
		line 5 in file "C:\Program Files\Microchip\xc8\v2.31\pic\sources\c90\common\lwdiv.c"
 Parameters:    Size  Location     Type
  divisor         2    0[COMMON] unsigned int 
  dividend        2    2[COMMON] unsigned int 
 Auto vars:     Size  Location     Type
  quotient        2    5[COMMON] unsigned int 
  counter         1    7[COMMON] unsigned char 
 Return value:  Size  Location     Type
                  2    0[COMMON] unsigned int 
 Registers used:
		wreg, status,2, status,0
 Tracked objects:
		On entry : 
		On exit  : 
		Unchanged: 
 Data sizes:     COMMON   BANK0   BANK1   BANK3   BANK2
      Params:         4       0       0       0       0
      Locals:         3       0       0       0       0
      Temps:          1       0       0       0       0
      Totals:         8       0       0       0       0
Total ram usage:        8 bytes
 Hardware stack levels used:    1
 This function calls:
		Nothing
 This function is called by:
		i1_VAL
 This function uses a non-reentrant model


 *************** function _EUSART_ENVIAR *****************
 Defined at:
		line 36 in file "./EUSART_LIB.h"
 Parameters:    Size  Location     Type
  dato            1    wreg     unsigned char 
 Auto vars:     Size  Location     Type
  dato            1    2[COMMON] unsigned char 
 Return value:  Size  Location     Type
                  1    wreg      void 
 Registers used:
		wreg
 Tracked objects:
		On entry : 
		On exit  : 
		Unchanged: 
 Data sizes:     COMMON   BANK0   BANK1   BANK3   BANK2
      Params:         0       0       0       0       0
      Locals:         1       0       0       0       0
      Temps:          2       0       0       0       0
      Totals:         3       0       0       0       0
Total ram usage:        3 bytes
 Hardware stack levels used:    1
 This function calls:
		Nothing
 This function is called by:
		_isr
 This function uses a non-reentrant model



MODULE INFORMATION

Module		Function		Class		Link	Load	Size
C:\Program Files\Microchip\xc8\v2.31\pic\sources\c90\common\__lldiv.c
		___lldiv       		CODE           	0389	0000	104

C:\Program Files\Microchip\xc8\v2.31\pic\sources\c90\common\__lldiv.c estimated size: 104

C:\Program Files\Microchip\xc8\v2.31\pic\sources\c90\common\Umul16.c
		___wmul        		CODE           	067A	0000	39

C:\Program Files\Microchip\xc8\v2.31\pic\sources\c90\common\Umul16.c estimated size: 39

./EUSART_LIB.h
		_EUSART_INIT   		CODE           	06A1	0000	38
		_EUSART_ENVIAR 		CODE           	0728	0000	19

./EUSART_LIB.h estimated size: 57

I2C.c
		_I2C_Master_Read		CODE           	061F	0000	50
		_I2C_Master_Wait		CODE           	0748	0000	13
		_I2C_Master_Init		CODE           	05AD	0000	58
		_I2C_Master_Stop		CODE           	075F	0000	9
		_I2C_Master_Write		CODE           	0755	0000	10
		_I2C_Master_Start		CODE           	0768	0000	9

I2C.c estimated size: 149

C:\Program Files\Microchip\xc8\v2.31\pic\sources\c90\common\lwdiv.c
		___lwdiv       		CODE           	04AB	0000	70

C:\Program Files\Microchip\xc8\v2.31\pic\sources\c90\common\lwdiv.c estimated size: 70

shared
		i1_VAL         		CODE           	0319	0000	112
		__stringtab    		STRING         	0572	0000	6
		i1___lwdiv     		CODE           	04F1	0000	68
		i1___wmul      		CODE           	06C7	0000	37
		__initialization		CODE           	0013	0000	8

shared estimated size: 231

main.c
		_main          		CODE           	001F	0000	464
		_isr           		CODE           	01EF	0000	182
		_VAL           		CODE           	02A5	0000	116
		_setup         		CODE           	05E7	0000	56

main.c estimated size: 818

LCD.c
		_Lcd_Write_String		CODE           	0651	0000	41
		_Lcd_Init      		CODE           	03F1	0000	98
		_Lcd_Write_Char		CODE           	0535	0000	61
		_Lcd_Cmd       		CODE           	070C	0000	28
		_Lcd_Set_Cursor		CODE           	0453	0000	88
		_Lcd_Clear     		CODE           	073B	0000	13
		_Lcd_Port      		CODE           	06EC	0000	32

LCD.c estimated size: 361

