Microchip MPLAB XC8 Compiler V2.31

Linker command line:

-W-3 --edf=C:\Program Files\Microchip\xc8\v2.31\pic\dat\en_msgs.txt -cn \
  -h+dist/default/production\LABORATORIO_1.X.production.sym \
  --cmf=dist/default/production\LABORATORIO_1.X.production.cmf -z -Q16F887 \
  -oC:\Users\DELL\AppData\Local\Temp\sbj0.3 --defsym=__MPLAB_BUILD=1 \
  -Mdist/default/production/LABORATORIO_1.X.production.map -E1 \
  -ver=XC8 Compiler --acfsm=1493 -ASTACK=0110h-016Fh -pstack=STACK \
  -ACODE=00h-07FFhx4 -ASTRCODE=00h-01FFFh -ASTRING=00h-0FFhx32 \
  -ACONST=00h-0FFhx32 -AENTRY=00h-0FFhx32 -ACOMMON=070h-07Fh \
  -ABANK0=020h-06Fh -ABANK1=0A0h-0EFh -ABANK2=0110h-016Fh \
  -ABANK3=0190h-01EFh -ARAM=020h-06Fh,0A0h-0EFh,0110h-016Fh,0190h-01EFh \
  -AABS1=020h-07Fh,0A0h-0EFh,0110h-016Fh,0190h-01EFh -ASFR0=00h-01Fh \
  -ASFR1=080h-09Fh -ASFR2=0100h-010Fh -ASFR3=0180h-018Fh \
  -ACONFIG=02007h-02008h -DCONFIG=2 -AIDLOC=02000h-02003h -DIDLOC=2 \
  -AEEDATA=00h-0FFh/02100h -peeprom_data=EEDATA -DEEDATA=2 -DCODE=2 \
  -DSTRCODE=2 -DSTRING=2 -DCONST=2 -DENTRY=2 \
  -preset_vec=00h,intentry=04h,init,end_init -ppowerup=CODE -pcinit=CODE \
  -pfunctab=ENTRY -k C:\Users\DELL\AppData\Local\Temp\sbj0.o \
  dist/default/production\LABORATORIO_1.X.production.o 

Object code version is 3.11

Machine type is 16F887



                Name                               Link     Load   Length Selector   Space Scale
C:\Users\DELL\AppData\Local\Temp\sbj0.o
                end_init                              E        E        3        8       0
                reset_vec                             0        0        3        0       0
                config                             2007     2007        2        0       4
dist/default/production\LABORATORIO_1.X.production.o
                cinit                                11       11       2B        8       0
                intentry                              4        4        A        8       0
                config                             2007     2007        2        0       4
                text7                               256      256        E        8       0
                text6                               10E      10E       3E        8       0
                text5                                A5       A5       69        8       0
                text4                                3C       3C       69        8       0
                text3                               1BE      1BE       28        8       0
                text2                               20C      20C       23        8       0
                text1                               185      185       39        8       0
                maintext                            14C      14C       39        8       0
                cstackBANK0                          46       46       11       20       1
                cstackCOMMON                         70       70        A       70       1
                inittext                            243      243       13        8       0
                dataBANK1                            A0       A0       14       A0       1
                dataBANK0                            20       20       26       20       1
                bssBANK0                             57       57        8       20       1
                bssCOMMON                            7A       7A        4       70       1
                idataBANK1                          22F      22F       14        8       0
                idataBANK0                          1E6      1E6       26        8       0

TOTAL           Name                               Link     Load   Length     Space
        CLASS   STACK          

        CLASS   CODE           
                end_init                              E        E        3         0
                cinit                                11       11       2B         0
                intentry                              4        4        A         0
                reset_vec                             0        0        3         0
                text7                               256      256        E         0
                text6                               10E      10E       3E         0
                text5                                A5       A5       69         0
                text4                                3C       3C       69         0
                text3                               1BE      1BE       28         0
                text2                               20C      20C       23         0
                text1                               185      185       39         0
                maintext                            14C      14C       39         0
                inittext                            243      243       13         0
                idataBANK1                          22F      22F       14         0
                idataBANK0                          1E6      1E6       26         0

        CLASS   STRCODE        

        CLASS   STRING         

        CLASS   CONST          

        CLASS   ENTRY          

        CLASS   COMMON         
                cstackCOMMON                         70       70        A         1
                bssCOMMON                            7A       7A        4         1

        CLASS   BANK0          
                cstackBANK0                          46       46       11         1
                dataBANK0                            20       20       26         1
                bssBANK0                             57       57        8         1

        CLASS   BANK1          
                dataBANK1                            A0       A0       14         1

        CLASS   BANK2          

        CLASS   BANK3          

        CLASS   RAM            

        CLASS   ABS1           
                abs_s1                               7E       7E        2         1

        CLASS   SFR0           

        CLASS   SFR1           

        CLASS   SFR2           

        CLASS   SFR3           

        CLASS   CONFIG         
                config                             2007     2007        2         4

        CLASS   IDLOC          

        CLASS   EEDATA         



SEGMENTS        Name                           Load    Length   Top    Selector   Space  Class     Delta

                reset_vec                      000000  000003  000003         0       0  CODE        2
                intentry                       000004  000260  000264         8       0  CODE        2
                dataBANK0                      000020  00003F  00005F        20       1  BANK0       1
                cstackCOMMON                   000070  00000E  00007E        70       1  COMMON      1
                dataBANK1                      0000A0  000014  0000B4        A0       1  BANK1       1


UNUSED ADDRESS RANGES

        Name                Unused          Largest block    Delta
        BANK0            005F-006F             11           1
        BANK1            00B4-00EF             3C           1
        BANK2            0110-016F             60           1
        BANK3            0190-01EF             60           1
        CODE             0003-0003              1           2
                         0264-1FFF            800
        CONST            0003-0003              1           2
                         0264-1FFF            100
        EEDATA           2100-21FF            100           2
        ENTRY            0003-0003              1           2
                         0264-1FFF            100
        IDLOC            2000-2003              4           2
        RAM              005F-006F             11           1
                         00B4-00EF             3C
                         0110-016F             60
                         0190-01EF             60
        SFR0             0000-001F             20           1
        SFR1             0080-009F             20           1
        SFR2             0100-010F             10           1
        SFR3             0180-018F             10           1
        STACK            0110-016F             60           1
        STRCODE          0003-0003              1           2
                         0264-1FFF           1D9C
        STRING           0003-0003              1           2
                         0264-1FFF            100

                                  Symbol Table

?_ADC_READ               cstackCOMMON 0070
?___awdiv                cstackBANK0  0046
ADC_INIT@canal           cstackBANK0  0046
ADC_READ@LECT            cstackCOMMON 0074
BIN_HEX@VBIN             cstackBANK0  004F
BIN_HEX@VHEX1            cstackBANK0  0051
BIN_HEX@VHEX2            cstackBANK0  0052
DISPLAY_HEX@VHEX1        cstackCOMMON 0070
DISPLAY_HEX@VHEX2        cstackCOMMON 0072
DISPLAY_HEX@select       cstackCOMMON 0076
_ADCON0bits              (abs)        001F
_ADCON1bits              (abs)        009F
_ADC_INIT                text2        020C
_ADC_READ                text7        0256
_ADIF                    (abs)        0066
_ADRESH                  (abs)        001E
_ANSEL                   (abs)        0188
_ANSELH                  (abs)        0189
_BIN_HEX                 text3        01BE
_CONTADOR                bssBANK0     005D
_DISPLAY_HEX             text6        010E
_HEX1                    bssCOMMON    007C
_HEX2                    bssCOMMON    007A
_INTCONbits              (abs)        000B
_IOCB0                   (abs)        04B0
_IOCB1                   (abs)        04B1
_OPTION_REG              (abs)        0081
_OSCCONbits              (abs)        008F
_PIE1bits                (abs)        008C
_PIR1bits                (abs)        000C
_PORTA                   (abs)        0005
_PORTB                   (abs)        0006
_PORTC                   (abs)        0007
_PORTD                   (abs)        0008
_PORTE                   (abs)        0009
_RB0                     (abs)        0030
_RB1                     (abs)        0031
_RBIF                    (abs)        0058
_T0IF                    (abs)        005A
_TABLA_HEX               dataBANK0    0020
_TMR0                    (abs)        0001
_TRISA                   (abs)        0085
_TRISB                   (abs)        0086
_TRISC                   (abs)        0087
_TRISD                   (abs)        0088
_TRISE                   (abs)        0089
_VALOR_ADC               bssBANK0     0057
_WPUB0                   (abs)        04A8
_WPUB1                   (abs)        04A9
__Habs1                  abs1         0000
__Hbank0                 bank0        0000
__Hbank1                 bank1        0000
__Hbank2                 bank2        0000
__Hbank3                 bank3        0000
__HbssBANK0              bssBANK0     0000
__HbssCOMMON             bssCOMMON    0000
__Hcinit                 cinit        003C
__Hclrtext               clrtext      0000
__Hcode                  code         0000
__Hcommon                common       0000
__Hconfig                config       2009
__HcstackBANK0           cstackBANK0  0000
__HcstackCOMMON          cstackCOMMON 0000
__HdataBANK0             dataBANK0    0000
__HdataBANK1             dataBANK1    0000
__Heeprom_data           eeprom_data  0000
__Hend_init              end_init     0011
__Hfunctab               functab      0000
__HidataBANK0            idataBANK0   0000
__HidataBANK1            idataBANK1   0000
__Hinit                  init         000E
__Hinittext              inittext     0000
__Hintentry              intentry     000E
__Hmaintext              maintext     0000
__Hpowerup               powerup      0000
__Hram                   ram          0000
__Hreset_vec             reset_vec    0003
__Hsfr0                  sfr0         0000
__Hsfr1                  sfr1         0000
__Hsfr2                  sfr2         0000
__Hsfr3                  sfr3         0000
__Hspace_0               (abs)        0264
__Hspace_1               (abs)        00B4
__Hspace_2               (abs)        0000
__Hspace_3               (abs)        0000
__Hspace_4               (abs)        4010
__Hstack                 stack        0000
__Hstrings               strings      0000
__Htext                  text         0000
__Labs1                  abs1         0000
__Lbank0                 bank0        0000
__Lbank1                 bank1        0000
__Lbank2                 bank2        0000
__Lbank3                 bank3        0000
__LbssBANK0              bssBANK0     0000
__LbssCOMMON             bssCOMMON    0000
__Lcinit                 cinit        0011
__Lclrtext               clrtext      0000
__Lcode                  code         0000
__Lcommon                common       0000
__Lconfig                config       0000
__LcstackBANK0           cstackBANK0  0000
__LcstackCOMMON          cstackCOMMON 0000
__LdataBANK0             dataBANK0    0000
__LdataBANK1             dataBANK1    0000
__Leeprom_data           eeprom_data  0000
__Lend_init              end_init     000E
__Lfunctab               functab      0000
__LidataBANK0            idataBANK0   0000
__LidataBANK1            idataBANK1   0000
__Linit                  init         000E
__Linittext              inittext     0000
__Lintentry              intentry     0004
__Lmaintext              maintext     0000
__Lpowerup               powerup      0000
__Lram                   ram          0000
__Lreset_vec             reset_vec    0000
__Lsfr0                  sfr0         0000
__Lsfr1                  sfr1         0000
__Lsfr2                  sfr2         0000
__Lsfr3                  sfr3         0000
__Lspace_0               (abs)        0000
__Lspace_1               (abs)        0000
__Lspace_2               (abs)        0000
__Lspace_3               (abs)        0000
__Lspace_4               (abs)        0000
__Lstack                 stack        0000
__Lstrings               strings      0000
__Ltext                  text         0000
__S0                     (abs)        0264
__S1                     (abs)        00B4
__S2                     (abs)        0000
__S3                     (abs)        0000
___awdiv                 text4        003C
___awdiv@counter         cstackBANK0  004B
___awdiv@dividend        cstackBANK0  0048
___awdiv@divisor         cstackBANK0  0046
___awdiv@quotient        cstackBANK0  004D
___awdiv@sign            cstackBANK0  004C
___int_sp                stack        0000
___latbits               (abs)        0002
___sp                    stack        0000
___stackhi               (abs)        0000
___stacklo               (abs)        0000
__end_of_ADC_INIT        text2        022F
__end_of_ADC_READ        text7        0264
__end_of_BIN_HEX         text3        01E6
__end_of_DISPLAY_HEX     text6        014C
__end_of___awdiv         text4        00A5
__end_of__initialization cinit        0038
__end_of_isr             text5        010E
__end_of_main            maintext     0185
__end_of_setup           text1        01BE
__initialization         cinit        0011
__pbssBANK0              bssBANK0     0057
__pbssCOMMON             bssCOMMON    007A
__pcstackBANK0           cstackBANK0  0046
__pcstackCOMMON          cstackCOMMON 0070
__pdataBANK0             dataBANK0    0020
__pdataBANK1             dataBANK1    00A0
__pidataBANK0            idataBANK0   01E6
__pidataBANK1            idataBANK1   022F
__pintentry              intentry     0004
__pmaintext              maintext     014C
__ptext1                 text1        0185
__ptext2                 text2        020C
__ptext3                 text3        01BE
__ptext4                 text4        003C
__ptext5                 text5        00A5
__ptext6                 text6        010E
__ptext7                 text7        0256
__size_of_ADC_INIT       (abs)        0000
__size_of_ADC_READ       (abs)        0000
__size_of_BIN_HEX        (abs)        0000
__size_of_DISPLAY_HEX    (abs)        0000
__size_of___awdiv        (abs)        0000
__size_of_isr            (abs)        0000
__size_of_main           (abs)        0000
__size_of_setup          (abs)        0000
_flag1                   bssBANK0     005B
_flag2                   bssBANK0     0059
_isr                     text5        00A5
_main                    maintext     014C
_select                  dataBANK0    0044
_setup                   text1        0185
btemp                    (abs)        007E
end_of_initialization    cinit        0038
init_fetch0              inittext     0243
init_ram0                inittext     0247
interrupt_function       intentry     0004
intlevel0                functab      0000
intlevel1                functab      0000
intlevel2                functab      0000
intlevel3                functab      0000
intlevel4                functab      0000
intlevel5                functab      0000
reset_vec                reset_vec    0000
saved_w                  (abs)        007E
start                    init         000E
start_initialization     cinit        0011
wtemp0                   (abs)        007E


FUNCTION INFORMATION:

 *************** function _main *****************
 Defined at:
		line 110 in file "main.c"
 Parameters:    Size  Location     Type
		None
 Auto vars:     Size  Location     Type
		None
 Return value:  Size  Location     Type
                  1    wreg      void 
 Registers used:
		wreg, fsr0l, fsr0h, status,2, status,0, pclath, cstack
 Tracked objects:
		On entry : 
		On exit  : 
		Unchanged: 
 Data sizes:     COMMON   BANK0   BANK1   BANK3   BANK2
      Params:         0       0       0       0       0
      Locals:         0       0       0       0       0
      Temps:          0       2       0       0       0
      Totals:         0       2       0       0       0
Total ram usage:        2 bytes
 Hardware stack levels required when called:    4
 This function calls:
		_BIN_HEX
		_setup
 This function is called by:
		Startup code after reset
 This function uses a non-reentrant model


 *************** function _setup *****************
 Defined at:
		line 129 in file "main.c"
 Parameters:    Size  Location     Type
		None
 Auto vars:     Size  Location     Type
		None
 Return value:  Size  Location     Type
                  1    wreg      void 
 Registers used:
		wreg, status,2, status,0, pclath, cstack
 Tracked objects:
		On entry : 
		On exit  : 
		Unchanged: 
 Data sizes:     COMMON   BANK0   BANK1   BANK3   BANK2
      Params:         0       0       0       0       0
      Locals:         0       0       0       0       0
      Temps:          0       0       0       0       0
      Totals:         0       0       0       0       0
Total ram usage:        0 bytes
 Hardware stack levels used:    1
 Hardware stack levels required when called:    3
 This function calls:
		_ADC_INIT
 This function is called by:
		_main
 This function uses a non-reentrant model


 *************** function _ADC_INIT *****************
 Defined at:
		line 12 in file "./ADC_LIB.h"
 Parameters:    Size  Location     Type
  canal           2    0[BANK0 ] int 
 Auto vars:     Size  Location     Type
		None
 Return value:  Size  Location     Type
                  1    wreg      void 
 Registers used:
		wreg, status,2, status,0
 Tracked objects:
		On entry : 
		On exit  : 
		Unchanged: 
 Data sizes:     COMMON   BANK0   BANK1   BANK3   BANK2
      Params:         0       2       0       0       0
      Locals:         0       0       0       0       0
      Temps:          0       1       0       0       0
      Totals:         0       3       0       0       0
Total ram usage:        3 bytes
 Hardware stack levels used:    1
 Hardware stack levels required when called:    2
 This function calls:
		Nothing
 This function is called by:
		_setup
 This function uses a non-reentrant model


 *************** function _BIN_HEX *****************
 Defined at:
		line 44 in file "./DISPLAY_LIB.h"
 Parameters:    Size  Location     Type
  VBIN            2    9[BANK0 ] int 
  VHEX1           1   11[BANK0 ] PTR int 
		 -> HEX1(2), 
  VHEX2           1   12[BANK0 ] PTR int 
		 -> HEX2(2), 
 Auto vars:     Size  Location     Type
		None
 Return value:  Size  Location     Type
                  1    wreg      void 
 Registers used:
		wreg, fsr0l, fsr0h, status,2, status,0, pclath, cstack
 Tracked objects:
		On entry : 
		On exit  : 
		Unchanged: 
 Data sizes:     COMMON   BANK0   BANK1   BANK3   BANK2
      Params:         0       4       0       0       0
      Locals:         0       0       0       0       0
      Temps:          0       2       0       0       0
      Totals:         0       6       0       0       0
Total ram usage:        6 bytes
 Hardware stack levels used:    1
 Hardware stack levels required when called:    3
 This function calls:
		___awdiv
 This function is called by:
		_main
 This function uses a non-reentrant model


 *************** function ___awdiv *****************
 Defined at:
		line 5 in file "C:\Program Files\Microchip\xc8\v2.31\pic\sources\c90\common\awdiv.c"
 Parameters:    Size  Location     Type
  divisor         2    0[BANK0 ] int 
  dividend        2    2[BANK0 ] int 
 Auto vars:     Size  Location     Type
  quotient        2    7[BANK0 ] int 
  sign            1    6[BANK0 ] unsigned char 
  counter         1    5[BANK0 ] unsigned char 
 Return value:  Size  Location     Type
                  2    0[BANK0 ] int 
 Registers used:
		wreg, status,2, status,0
 Tracked objects:
		On entry : 
		On exit  : 
		Unchanged: 
 Data sizes:     COMMON   BANK0   BANK1   BANK3   BANK2
      Params:         0       4       0       0       0
      Locals:         0       4       0       0       0
      Temps:          0       1       0       0       0
      Totals:         0       9       0       0       0
Total ram usage:        9 bytes
 Hardware stack levels used:    1
 Hardware stack levels required when called:    2
 This function calls:
		Nothing
 This function is called by:
		_BIN_HEX
 This function uses a non-reentrant model


 *************** function _isr *****************
 Defined at:
		line 75 in file "main.c"
 Parameters:    Size  Location     Type
		None
 Auto vars:     Size  Location     Type
		None
 Return value:  Size  Location     Type
                  1    wreg      void 
 Registers used:
		wreg, fsr0l, fsr0h, status,2, status,0, pclath, cstack
 Tracked objects:
		On entry : 
		On exit  : 
		Unchanged: 
 Data sizes:     COMMON   BANK0   BANK1   BANK3   BANK2
      Params:         0       0       0       0       0
      Locals:         0       0       0       0       0
      Temps:          3       0       0       0       0
      Totals:         3       0       0       0       0
Total ram usage:        3 bytes
 Hardware stack levels used:    1
 Hardware stack levels required when called:    1
 This function calls:
		_ADC_READ
		_DISPLAY_HEX
 This function is called by:
		Interrupt level 1
 This function uses a non-reentrant model


 *************** function _DISPLAY_HEX *****************
 Defined at:
		line 29 in file "./DISPLAY_LIB.h"
 Parameters:    Size  Location     Type
  select          1    wreg     PTR int 
		 -> select(2), 
  VHEX1           2    0[COMMON] int 
  VHEX2           2    2[COMMON] int 
 Auto vars:     Size  Location     Type
  select          1    6[COMMON] PTR int 
		 -> select(2), 
 Return value:  Size  Location     Type
                  1    wreg      void 
 Registers used:
		wreg, fsr0l, fsr0h, status,2, status,0
 Tracked objects:
		On entry : 
		On exit  : 
		Unchanged: 
 Data sizes:     COMMON   BANK0   BANK1   BANK3   BANK2
      Params:         4       0       0       0       0
      Locals:         1       0       0       0       0
      Temps:          2       0       0       0       0
      Totals:         7       0       0       0       0
Total ram usage:        7 bytes
 Hardware stack levels used:    1
 This function calls:
		Nothing
 This function is called by:
		_isr
 This function uses a non-reentrant model


 *************** function _ADC_READ *****************
 Defined at:
		line 24 in file "./ADC_LIB.h"
 Parameters:    Size  Location     Type
		None
 Auto vars:     Size  Location     Type
  LECT            2    4[COMMON] int 
 Return value:  Size  Location     Type
                  2    0[COMMON] int 
 Registers used:
		wreg
 Tracked objects:
		On entry : 
		On exit  : 
		Unchanged: 
 Data sizes:     COMMON   BANK0   BANK1   BANK3   BANK2
      Params:         2       0       0       0       0
      Locals:         2       0       0       0       0
      Temps:          2       0       0       0       0
      Totals:         6       0       0       0       0
Total ram usage:        6 bytes
 Hardware stack levels used:    1
 This function calls:
		Nothing
 This function is called by:
		_isr
 This function uses a non-reentrant model



MODULE INFORMATION

Module		Function		Class		Link	Load	Size
./ADC_LIB.h
		_ADC_READ      		CODE           	0256	0000	14
		_ADC_INIT      		CODE           	020C	0000	35

./ADC_LIB.h estimated size: 49

C:\Program Files\Microchip\xc8\v2.31\pic\sources\c90\common\awdiv.c
		___awdiv       		CODE           	003C	0000	105

C:\Program Files\Microchip\xc8\v2.31\pic\sources\c90\common\awdiv.c estimated size: 105

shared
		__initialization		CODE           	0011	0000	39

shared estimated size: 39

./DISPLAY_LIB.h
		_DISPLAY_HEX   		CODE           	010E	0000	62
		_BIN_HEX       		CODE           	01BE	0000	40

./DISPLAY_LIB.h estimated size: 102

main.c
		_main          		CODE           	014C	0000	57
		_isr           		CODE           	00A5	0000	105
		_setup         		CODE           	0185	0000	57

main.c estimated size: 219

